<html>
<body>
<pre>
<h1>µVision Build Log</h1>
<h2>Tool Versions:</h2>
IDE-Version: ¦ÌVision V5.21.1.0
Copyright (C) 2016 ARM Ltd and ARM Germany GmbH. All rights reserved.
License Information: Daniel Peng, fuck, LIC=32BZ9-495V7-73YM8-3D7KR-DYASI-NBV53
 
Tool Versions:
Toolchain:       MDK-ARM Plus  Version: 5.21a
Toolchain Path:  C:\WindowsAPP\MDK5\Keil_v5\ARM\ARMCC\Bin
C Compiler:      Armcc.exe V5.06 update 3 (build 300)
Assembler:       Armasm.exe V5.06 update 3 (build 300)
Linker/Locator:  ArmLink.exe V5.06 update 3 (build 300)
Library Manager: ArmAr.exe V5.06 update 3 (build 300)
Hex Converter:   FromElf.exe V5.06 update 3 (build 300)
CPU DLL:         SARMCM3.DLL V5.21a
Dialog DLL:      DCM.DLL V1.13.8.0
Target DLL:      STLink\ST-LINKIII-KEIL_SWO.dll V2.0.18.0
Dialog DLL:      TCM.DLL V1.14.14.0
 
<h2>Project:</h2>
D:\WorkSpace\study\Projects\project_lora\USER\LORA.uvprojx
Project File Date:  06/12/2020

<h2>Output:</h2>
*** Using Compiler 'V5.06 update 3 (build 300)', folder: 'C:\WindowsAPP\MDK5\Keil_v5\ARM\ARMCC\Bin'
Rebuild target 'Target1'
assembling startup_stm32f429xx.s...
compiling stm32f4xx_hal_gpio.c...
compiling stm32f4xx_it.c...
compiling stm32f4xx_hal_ltdc_ex.c...
compiling stm32f4xx_hal_dma2d.c...
compiling stm32f4xx_hal_dma_ex.c...
compiling stm32f4xx_hal_sram.c...
compiling stm32f4xx_hal_dma.c...
compiling stm32f4xx_hal_cortex.c...
compiling stm32f4xx_hal_pwr.c...
compiling stm32f4xx_hal_ltdc.c...
compiling stm32f4xx_hal_sdram.c...
compiling system_stm32f4xx.c...
compiling stm32f4xx_ll_fmc.c...
compiling stm32f4xx_hal_pwr_ex.c...
compiling stm32f4xx_ll_sdmmc.c...
compiling stm32f4xx_hal.c...
compiling stm32f4xx_hal_rcc_ex.c...
compiling main.c...
compiling stm32f4xx_hal_uart.c...
compiling stm32f4xx_hal_rcc.c...
compiling stm32f4xx_hal_tim_ex.c...
compiling stm32f4xx_hal_usart.c...
compiling stm32f4xx_hal_tim.c...
compiling stm32f4xx_hal_nand.c...
compiling stm32f4xx_hal_spi.c...
compiling delay.c...
compiling stm32f4xx_hal_sd.c...
compiling stm32f4xx_hal_adc_ex.c...
compiling sys.c...
compiling stm32f4xx_hal_adc.c...
compiling usart.c...
compiling led.c...
compiling key.c...
compiling spi.c...
compiling sdram.c...
compiling sdio_sdcard.c...
compiling w25qxx.c...
compiling ltdc.c...
compiling timer.c...
compiling ftl.c...
compiling ctiic.c...
compiling usart3.c...
compiling ft5206.c...
compiling nand.c...
compiling gt9147.c...
compiling lcd.c...
compiling ff.c...
compiling ott2001a.c...
compiling 24cxx.c...
compiling myiic.c...
compiling pcf8574.c...
..\HARDWARE\PCF8574\pcf8574.c(72): warning:  #1-D: last line of file ends without a newline
  }
..\HARDWARE\PCF8574\pcf8574.c: 1 warning, 0 errors
compiling ds18b20.c...
compiling gt9271.c...
compiling adc.c...
compiling touch.c...
compiling malloc.c...
compiling diskio.c...
compiling mycc936.c...
compiling exfuns.c...
compiling usmart_config.c...
compiling text.c...
compiling fontupd.c...
compiling usmart.c...
compiling usmart_str.c...
compiling lora_ui.c...
compiling lora_app.c...
..\LORA\lora_app.c(223): warning:  #1035-D: single-precision operand implicitly converted to double-precision
  	if(ph>data[1]-0.8 && ph<data[1]+0.8)	LED_PH=0;
..\LORA\lora_app.c(223): warning:  #1035-D: single-precision operand implicitly converted to double-precision
  	if(ph>data[1]-0.8 && ph<data[1]+0.8)	LED_PH=0;
..\LORA\lora_app.c(261): warning:  #1035-D: single-precision operand implicitly converted to double-precision
  	if(ph>data[4]-0.8 && ph<data[4]+0.8)	LED_PH=0;
..\LORA\lora_app.c(261): warning:  #1035-D: single-precision operand implicitly converted to double-precision
  	if(ph>data[4]-0.8 && ph<data[4]+0.8)	LED_PH=0;
..\LORA\lora_app.c(301): warning:  #1035-D: single-precision operand implicitly converted to double-precision
  	if(ph>data[7]-0.8 && ph<data[7]+0.8)	LED_PH=0;
..\LORA\lora_app.c(301): warning:  #1035-D: single-precision operand implicitly converted to double-precision
  	if(ph>data[7]-0.8 && ph<data[7]+0.8)	LED_PH=0;
..\LORA\lora_app.c(339): warning:  #1035-D: single-precision operand implicitly converted to double-precision
  	if(ph>data[10]-0.8 && ph<data[10]+0.8)	LED_PH=0;
..\LORA\lora_app.c(339): warning:  #1035-D: single-precision operand implicitly converted to double-precision
  	if(ph>data[10]-0.8 && ph<data[10]+0.8)	LED_PH=0;
..\LORA\lora_app.c(377): warning:  #1035-D: single-precision operand implicitly converted to double-precision
  	if(ph>data[13]-0.8 && ph<data[7]+0.8)	LED_PH=0;
..\LORA\lora_app.c(377): warning:  #1035-D: single-precision operand implicitly converted to double-precision
  	if(ph>data[13]-0.8 && ph<data[7]+0.8)	LED_PH=0;
..\LORA\lora_app.c(413): warning:  #1035-D: single-precision operand implicitly converted to double-precision
  	if(ph>data[16]-0.8 && ph<data[16]+0.8)	LED_PH=0;
..\LORA\lora_app.c(413): warning:  #1035-D: single-precision operand implicitly converted to double-precision
  	if(ph>data[16]-0.8 && ph<data[16]+0.8)	LED_PH=0;
..\LORA\lora_app.c: 12 warnings, 0 errors
linking...
Program Size: Code=78558 RO-data=21562 RW-data=736 ZI-data=33752744  
FromELF: creating hex file...
"..\OBJ\LORA.axf" - 0 Error(s), 13 Warning(s).

<h2>Collection of Component include folders:</h2>
  D:\WorkSpace\study\Projects\project_lora\USER\RTE
  C:\WindowsAPP\MDK5\Keil_v5\ARM\PACK\Keil\STM32F4xx_DFP\2.9.0\Drivers\CMSIS\Device\ST\STM32F4xx\Include

<h2>Collection of Component Files used:</h2>
Build Time Elapsed:  00:00:04
</pre>
</body>
</html>
