Component: ARM Compiler 5.06 update 3 (build 300) Tool: armlink [4d35c9]

==============================================================================

Section Cross References

    main.o(i.main) refers to stm32f4xx_hal.o(i.HAL_Init) for HAL_Init
    main.o(i.main) refers to sys.o(i.Stm32_Clock_Init) for Stm32_Clock_Init
    main.o(i.main) refers to delay.o(i.delay_init) for delay_init
    main.o(i.main) refers to usart.o(i.uart_init) for uart_init
    main.o(i.main) refers to usmart.o(i.usmart_init) for usmart_init
    main.o(i.main) refers to led.o(i.LED_Init) for LED_Init
    main.o(i.main) refers to key.o(i.KEY_Init) for KEY_Init
    main.o(i.main) refers to sdram.o(i.SDRAM_Init) for SDRAM_Init
    main.o(i.main) refers to lcd.o(i.LCD_Init) for LCD_Init
    main.o(i.main) refers to w25qxx.o(i.W25QXX_Init) for W25QXX_Init
    main.o(i.main) refers to malloc.o(i.my_mem_init) for my_mem_init
    main.o(i.main) refers to exfuns.o(i.exfuns_init) for exfuns_init
    main.o(i.main) refers to adc.o(i.MY_ADC_Init) for MY_ADC_Init
    main.o(i.main) refers to pcf8574.o(i.PCF8574_Init) for PCF8574_Init
    main.o(i.main) refers to ff.o(i.f_mount) for f_mount
    main.o(i.main) refers to key.o(i.KEY_Scan) for KEY_Scan
    main.o(i.main) refers to lcd.o(i.LCD_Clear) for LCD_Clear
    main.o(i.main) refers to touch.o(i.TP_Adjust) for TP_Adjust
    main.o(i.main) refers to touch.o(i.TP_Save_Adjdata) for TP_Save_Adjdata
    main.o(i.main) refers to fontupd.o(i.font_init) for font_init
    main.o(i.main) refers to lcd.o(i.LCD_ShowString) for LCD_ShowString
    main.o(i.main) refers to delay.o(i.delay_ms) for delay_ms
    main.o(i.main) refers to lcd.o(i.LCD_Fill) for LCD_Fill
    main.o(i.main) refers to sdio_sdcard.o(i.SD_Init) for SD_Init
    main.o(i.main) refers to fontupd.o(i.update_font) for update_font
    main.o(i.main) refers to lora_app.o(i.Lora_Test) for Lora_Test
    main.o(i.main) refers to touch.o(.data) for tp_dev
    main.o(i.main) refers to exfuns.o(.bss) for fs
    main.o(i.main) refers to lcd.o(.data) for POINT_COLOR
    stm32f4xx_it.o(i.SysTick_Handler) refers to stm32f4xx_hal.o(i.HAL_IncTick) for HAL_IncTick
    system_stm32f4xx.o(i.SystemCoreClockUpdate) refers to system_stm32f4xx.o(.data) for .data
    startup_stm32f429xx.o(STACK) refers (Special) to heapauxi.o(.text) for __use_two_region_memory
    startup_stm32f429xx.o(HEAP) refers (Special) to heapauxi.o(.text) for __use_two_region_memory
    startup_stm32f429xx.o(RESET) refers (Special) to heapauxi.o(.text) for __use_two_region_memory
    startup_stm32f429xx.o(RESET) refers to startup_stm32f429xx.o(STACK) for __initial_sp
    startup_stm32f429xx.o(RESET) refers to startup_stm32f429xx.o(.text) for Reset_Handler
    startup_stm32f429xx.o(RESET) refers to stm32f4xx_it.o(i.NMI_Handler) for NMI_Handler
    startup_stm32f429xx.o(RESET) refers to stm32f4xx_it.o(i.HardFault_Handler) for HardFault_Handler
    startup_stm32f429xx.o(RESET) refers to stm32f4xx_it.o(i.MemManage_Handler) for MemManage_Handler
    startup_stm32f429xx.o(RESET) refers to stm32f4xx_it.o(i.BusFault_Handler) for BusFault_Handler
    startup_stm32f429xx.o(RESET) refers to stm32f4xx_it.o(i.UsageFault_Handler) for UsageFault_Handler
    startup_stm32f429xx.o(RESET) refers to stm32f4xx_it.o(i.SVC_Handler) for SVC_Handler
    startup_stm32f429xx.o(RESET) refers to stm32f4xx_it.o(i.DebugMon_Handler) for DebugMon_Handler
    startup_stm32f429xx.o(RESET) refers to stm32f4xx_it.o(i.PendSV_Handler) for PendSV_Handler
    startup_stm32f429xx.o(RESET) refers to stm32f4xx_it.o(i.SysTick_Handler) for SysTick_Handler
    startup_stm32f429xx.o(RESET) refers to usmart.o(i.TIM4_IRQHandler) for TIM4_IRQHandler
    startup_stm32f429xx.o(RESET) refers to usart.o(i.USART1_IRQHandler) for USART1_IRQHandler
    startup_stm32f429xx.o(RESET) refers to usart3.o(i.USART3_IRQHandler) for USART3_IRQHandler
    startup_stm32f429xx.o(RESET) refers to lora_app.o(i.EXTI15_10_IRQHandler) for EXTI15_10_IRQHandler
    startup_stm32f429xx.o(RESET) refers to timer.o(i.TIM7_IRQHandler) for TIM7_IRQHandler
    startup_stm32f429xx.o(.text) refers (Special) to heapauxi.o(.text) for __use_two_region_memory
    startup_stm32f429xx.o(.text) refers to system_stm32f4xx.o(i.SystemInit) for SystemInit
    startup_stm32f429xx.o(.text) refers to __main.o(!!!main) for __main
    startup_stm32f429xx.o(.text) refers to startup_stm32f429xx.o(HEAP) for Heap_Mem
    startup_stm32f429xx.o(.text) refers to startup_stm32f429xx.o(STACK) for Stack_Mem
    stm32f4xx_hal.o(i.HAL_DeInit) refers to stm32f4xx_hal.o(i.HAL_MspDeInit) for HAL_MspDeInit
    stm32f4xx_hal.o(i.HAL_Delay) refers to stm32f4xx_hal.o(i.HAL_GetTick) for HAL_GetTick
    stm32f4xx_hal.o(i.HAL_GetTick) refers to stm32f4xx_hal.o(.data) for .data
    stm32f4xx_hal.o(i.HAL_IncTick) refers to stm32f4xx_hal.o(.data) for .data
    stm32f4xx_hal.o(i.HAL_Init) refers to stm32f4xx_hal_cortex.o(i.HAL_NVIC_SetPriorityGrouping) for HAL_NVIC_SetPriorityGrouping
[...]
    u3_printf                                0x080115e9   Thumb Code    56  usart3.o(i.u3_printf)
    uart_init                                0x08011629   Thumb Code    28  usart.o(i.uart_init)
    updata_fontx                             0x0801164d   Thumb Code   232  fontupd.o(i.updata_fontx)
    update_font                              0x0801173d   Thumb Code   402  fontupd.o(i.update_font)
    usart3_init                              0x080118ed   Thumb Code   158  usart3.o(i.usart3_init)
    usart3_rx                                0x080119a5   Thumb Code    28  usart3.o(i.usart3_rx)
    usart3_set                               0x080119c5   Thumb Code   132  usart3.o(i.usart3_set)
    usmart_cmd_rec                           0x08011a51   Thumb Code   144  usmart.o(i.usmart_cmd_rec)
    usmart_exe                               0x08011ae5   Thumb Code   510  usmart.o(i.usmart_exe)
    usmart_get_aparm                         0x08011d45   Thumb Code   164  usmart_str.o(i.usmart_get_aparm)
    usmart_get_cmdname                       0x08011de9   Thumb Code    46  usmart_str.o(i.usmart_get_cmdname)
    usmart_get_fname                         0x08011e19   Thumb Code   352  usmart_str.o(i.usmart_get_fname)
    usmart_get_fparam                        0x08011f81   Thumb Code   202  usmart_str.o(i.usmart_get_fparam)
    usmart_get_parmpos                       0x08012051   Thumb Code    30  usmart_str.o(i.usmart_get_parmpos)
    usmart_get_runtime                       0x08012075   Thumb Code    38  usmart.o(i.usmart_get_runtime)
    usmart_init                              0x080120a5   Thumb Code    36  usmart.o(i.usmart_init)
    usmart_pow                               0x080120cd   Thumb Code    16  usmart_str.o(i.usmart_pow)
    usmart_reset_runtime                     0x080120dd   Thumb Code    32  usmart.o(i.usmart_reset_runtime)
    usmart_scan                              0x08012105   Thumb Code    94  usmart.o(i.usmart_scan)
    usmart_search_nextc                      0x080121a9   Thumb Code    16  usmart_str.o(i.usmart_search_nextc)
    usmart_str2num                           0x080121b9   Thumb Code   214  usmart_str.o(i.usmart_str2num)
    usmart_strcmp                            0x0801228f   Thumb Code    24  usmart_str.o(i.usmart_strcmp)
    usmart_strcopy                           0x080122a7   Thumb Code    18  usmart_str.o(i.usmart_strcopy)
    usmart_strlen                            0x080122b9   Thumb Code    18  usmart_str.o(i.usmart_strlen)
    usmart_sys_cmd_exe                       0x080122cd   Thumb Code  1458  usmart.o(i.usmart_sys_cmd_exe)
    write_addr                               0x0801297f   Thumb Code     4  usmart.o(i.write_addr)
    _get_lc_numeric                          0x080129f5   Thumb Code    44  lc_numeric_c.o(locale$$code)
    _get_lc_ctype                            0x08012a21   Thumb Code    44  lc_ctype_c.o(locale$$code)
    __aeabi_d2f                              0x08012a4d   Thumb Code     0  d2f.o(x$fpl$d2f)
    _d2f                                     0x08012a4d   Thumb Code    98  d2f.o(x$fpl$d2f)
    __aeabi_dadd                             0x08012ab1   Thumb Code     0  daddsub_clz.o(x$fpl$dadd)
    _dadd                                    0x08012ab1   Thumb Code   332  daddsub_clz.o(x$fpl$dadd)
    __fpl_dcmp_Inf                           0x08012c01   Thumb Code    24  dcmpi.o(x$fpl$dcmpinf)
    __aeabi_d2iz                             0x08012c19   Thumb Code     0  dfix.o(x$fpl$dfix)
    _dfix                                    0x08012c19   Thumb Code    94  dfix.o(x$fpl$dfix)
    __aeabi_d2uiz                            0x08012c79   Thumb Code     0  dfixu.o(x$fpl$dfixu)
    _dfixu                                   0x08012c79   Thumb Code    90  dfixu.o(x$fpl$dfixu)
    __aeabi_i2d                              0x08012cd3   Thumb Code     0  dflt_clz.o(x$fpl$dflt)
    _dflt                                    0x08012cd3   Thumb Code    46  dflt_clz.o(x$fpl$dflt)
    __aeabi_ui2d                             0x08012d01   Thumb Code     0  dflt_clz.o(x$fpl$dfltu)
    _dfltu                                   0x08012d01   Thumb Code    38  dflt_clz.o(x$fpl$dfltu)
    __aeabi_cdcmple                          0x08012d29   Thumb Code     0  dleqf.o(x$fpl$dleqf)
    _dcmple                                  0x08012d29   Thumb Code   120  dleqf.o(x$fpl$dleqf)
    __fpl_dcmple_InfNaN                      0x08012d8b   Thumb Code     0  dleqf.o(x$fpl$dleqf)
    __aeabi_dmul                             0x08012da1   Thumb Code     0  dmul.o(x$fpl$dmul)
    _dmul                                    0x08012da1   Thumb Code   332  dmul.o(x$fpl$dmul)
    __fpl_dnaninf                            0x08012ef5   Thumb Code   156  dnaninf.o(x$fpl$dnaninf)
    __fpl_dretinf                            0x08012f91   Thumb Code    12  dretinf.o(x$fpl$dretinf)
    __aeabi_cdrcmple                         0x08012f9d   Thumb Code     0  drleqf.o(x$fpl$drleqf)
    _drcmple                                 0x08012f9d   Thumb Code   108  drleqf.o(x$fpl$drleqf)
    __aeabi_drsub                            0x08013009   Thumb Code     0  daddsub_clz.o(x$fpl$drsb)
    _drsb                                    0x08013009   Thumb Code    22  daddsub_clz.o(x$fpl$drsb)
    _dsqrt                                   0x08013021   Thumb Code   404  dsqrt_umaal.o(x$fpl$dsqrt)
    __aeabi_dsub                             0x080131b9   Thumb Code     0  daddsub_clz.o(x$fpl$dsub)
    _dsub                                    0x080131b9   Thumb Code   464  daddsub_clz.o(x$fpl$dsub)
    __aeabi_f2d                              0x0801338d   Thumb Code     0  f2d.o(x$fpl$f2d)
    _f2d                                     0x0801338d   Thumb Code    86  f2d.o(x$fpl$f2d)
    __fpl_fnaninf                            0x080133e3   Thumb Code   140  fnaninf.o(x$fpl$fnaninf)
    _fp_init                                 0x0801346f   Thumb Code    10  fpinit.o(x$fpl$fpinit)
    __fplib_config_fpu_vfp                   0x08013477   Thumb Code     0  fpinit.o(x$fpl$fpinit)
    __fplib_config_pureend_doubles           0x08013477   Thumb Code     0  fpinit.o(x$fpl$fpinit)
    __fpl_fretinf                            0x08013479   Thumb Code    10  fretinf.o(x$fpl$fretinf)
    _printf_fp_dec                           0x08013483   Thumb Code     4  printf1.o(x$fpl$printf1)
    _printf_fp_hex                           0x08013487   Thumb Code     4  printf2.o(x$fpl$printf2)
    APBAHBPrescTable                         0x0801348a   Data          16  stm32f4xx_hal_rcc.o(.constdata)
    __I$use$fp                               0x0801348a   Number         0  usenofp.o(x$fpl$usenofp)
    asc2_1206                                0x0801349a   Data        1140  lcd.o(.constdata)
    asc2_1608                                0x0801390e   Data        1520  lcd.o(.constdata)
    asc2_2412                                0x08013efe   Data        3420  lcd.o(.constdata)
    asc2_3216                                0x08014c5a   Data       12160  lcd.o(.constdata)
    FT5206_TPX_TBL                           0x08017bda   Data          10  ft5206.o(.constdata)
    GT9147_CFG_TBL                           0x08017be4   Data         184  gt9147.o(.constdata)
    GT9147_TPX_TBL                           0x08017c9c   Data          10  gt9147.o(.constdata)
    OTT_TPX_TBL                              0x08017ca6   Data          10  ott2001a.o(.constdata)
    TP_REMIND_MSG_TBL                        0x08017cb0   Data           4  touch.o(.constdata)
    GT9271_CFG_TBL                           0x08017cb4   Data         186  gt9271.o(.constdata)
    GT9271_TPX_TBL                           0x08017d6e   Data          20  gt9271.o(.constdata)
    memtblsize                               0x08017d84   Data          12  malloc.o(.constdata)
    memblksize                               0x08017d90   Data          12  malloc.o(.constdata)
    memsize                                  0x08017d9c   Data          12  malloc.o(.constdata)
    GBK_PATH                                 0x080181b4   Data          20  fontupd.o(.constdata)
    UPDATE_REMIND_TBL                        0x080181c8   Data          20  fontupd.o(.constdata)
    Region$$Table$$Base                      0x080185cc   Number         0  anon$$obj.o(Region$$Table)
    Region$$Table$$Limit                     0x080185ec   Number         0  anon$$obj.o(Region$$Table)
    __ctype                                  0x08018615   Data           0  lc_ctype_c.o(locale$$data)
    mem3base                                 0x10000000   Data       61440  malloc.o(.ARM.__AT_0x10000000)
    mem3mapbase                              0x1000f000   Data        3840  malloc.o(.ARM.__AT_0x1000F000)
    SystemCoreClock                          0x20000000   Data           4  system_stm32f4xx.o(.data)
    AHBPrescTable                            0x20000004   Data          16  system_stm32f4xx.o(.data)
    USART_RX_STA                             0x2000001c   Data           2  usart.o(.data)
    __stdout                                 0x20000020   Data           4  usart.o(.data)
    POINT_COLOR                              0x20000028   Data           4  lcd.o(.data)
    BACK_COLOR                               0x2000002c   Data           4  lcd.o(.data)
    ltdc_framebuf                            0x20000030   Data           8  ltdc.o(.data)
    W25QXX_TYPE                              0x20000038   Data           2  w25qxx.o(.data)
    USART3_RX_STA                            0x20000040   Data           2  usart3.o(.data)
    CMD_RDX                                  0x2000004c   Data           1  touch.o(.data)
    CMD_RDY                                  0x2000004d   Data           1  touch.o(.data)
    tp_dev                                   0x20000050   Data          72  touch.o(.data)
    mallco_dev                               0x2000009c   Data          36  malloc.o(.data)
    file                                     0x200000c4   Data           4  exfuns.o(.data)
    ftemp                                    0x200000c8   Data           4  exfuns.o(.data)
    fatbuf                                   0x200000cc   Data           4  exfuns.o(.data)
    sys_cmd_tab                              0x200000d0   Data          28  usmart.o(.data)
    usmart_nametab                           0x200000ec   Data          24  usmart_config.o(.data)
    usmart_dev                               0x20000104   Data         244  usmart_config.o(.data)
    Lora_mode                                0x200001f8   Data           1  lora_app.o(.data)
    flag                                     0x200001fa   Data           1  lora_app.o(.data)
    Dire_Date                                0x200001fb   Data           5  lora_app.o(.data)
    LoRa_CFG                                 0x20000200   Data          10  lora_app.o(.data)
    data                                     0x2000020c   Data          72  lora_app.o(.data)
    obj_chn                                  0x20000255   Data           1  lora_ui.o(.data)
    obj_addr                                 0x20000258   Data           4  lora_ui.o(.data)
    kbd_tbl                                  0x2000025c   Data           4  lora_ui.o(.data)
    callbuf                                  0x20000260   Data           5  lora_ui.o(.data)
    kbd_fn_tbl                               0x20000268   Data           8  lora_ui.o(.data)
    cnttbl_sta                               0x20000270   Data           8  lora_ui.o(.data)
    set_mode                                 0x20000278   Data           8  lora_ui.o(.data)
    kbd_tbl1                                 0x20000280   Data          44  lora_ui.o(.data)
    cnttbl_mode                              0x200002ac   Data          12  lora_ui.o(.data)
    cnttbl_power                             0x200002b8   Data          16  lora_ui.o(.data)
    cnttbl_rate                              0x200002c8   Data          24  lora_ui.o(.data)
    USART_RX_BUF                             0x200002e0   Data         200  usart.o(.bss)
    UART1_Handler                            0x200003a8   Data          64  usart.o(.bss)
    SRAM_Handler                             0x200003e8   Data          80  lcd.o(.bss)
    lcddev                                   0x20000438   Data          14  lcd.o(.bss)
    SDRAM_Handler                            0x20000448   Data          52  sdram.o(.bss)
    LTDC_Handler                             0x2000047c   Data         168  ltdc.o(.bss)
    lcdltdc                                  0x20000524   Data          32  ltdc.o(.bss)
    SDCARD_Handler                           0x20000548   Data          96  sdio_sdcard.o(.bss)
    SDCardInfo                               0x200005a8   Data          88  sdio_sdcard.o(.bss)
    SDIO_DATA_BUFFER                         0x20000600   Data         512  sdio_sdcard.o(.bss)
    SPI5_Handler                             0x20000800   Data          88  spi.o(.bss)
    W25QXX_BUFFER                            0x20000858   Data        4096  w25qxx.o(.bss)
    NAND_Handler                             0x20001858   Data          56  nand.o(.bss)
    nand_dev                                 0x20001890   Data          92  nand.o(.bss)
    USART3_TX_BUF                            0x200018f0   Data         400  usart3.o(.bss)
    USART3_RX_BUF                            0x20001a80   Data        1024  usart3.o(.bss)
    UART3_Handler                            0x20001e80   Data          64  usart3.o(.bss)
    TIM7_Handler                             0x20001ec0   Data          60  timer.o(.bss)
    ADC1_Handler                             0x20001efc   Data          68  adc.o(.bss)
    mem1base                                 0x20001f40   Data       163840  malloc.o(.bss)
    mem1mapbase                              0x20029f40   Data       10240  malloc.o(.bss)
    fs                                       0x2002c74c   Data          12  exfuns.o(.bss)
    ftinfo                                   0x2002c758   Data          41  fontupd.o(.bss)
    TIM4_Handler                             0x2002c784   Data          60  usmart.o(.bss)
    date                                     0x2002c7c0   Data          30  lora_app.o(.bss)
    Tran_Data                                0x2002c7de   Data          30  lora_app.o(.bss)
    wlcd_buff                                0x2002c7fc   Data          10  lora_app.o(.bss)
    rlcd_buff                                0x2002c806   Data          10  lora_app.o(.bss)
    GPIO_Initure                             0x2002c810   Data          20  lora_app.o(.bss)
    __libspace_start                         0x2002c824   Data          96  libspace.o(.bss)
    __temporary_stack_top$libspace           0x2002c884   Data           0  libspace.o(.bss)
    ltdc_lcd_framebuf                        0xc0000000   Data       2048000  ltdc.o(.ARM.__AT_0xC0000000)
    mem2base                                 0xc01f4000   Data       29605888  malloc.o(.ARM.__AT_0xC01F4000)
    mem2mapbase                              0xc1e30000   Data       1850368  malloc.o(.ARM.__AT_0xC1E30000)



==============================================================================

Memory Map of the image

  Image Entry point : 0x080001ad

  Load Region LR_IROM1 (Base: 0x08000000, Size: 0x000189f8, Max: 0x00100000, ABSOLUTE, COMPRESSED[0x00018844])

    Execution Region ER_IROM1 (Base: 0x08000000, Size: 0x00018718, Max: 0x00100000, ABSOLUTE)

    Base Addr    Size         Type   Attr      Idx    E Section Name        Object

    0x08000000   0x000001ac   Data   RO          565    RESET               startup_stm32f429xx.o
    0x080001ac   0x00000008   Code   RO         7617  * !!!main             c_w.l(__main.o)
    0x080001b4   0x00000034   Code   RO         7957    !!!scatter          c_w.l(__scatter.o)
    0x080001e8   0x0000005a   Code   RO         7955    !!dczerorl2         c_w.l(__dczerorl2.o)
    0x08000242   0x00000002   PAD
    0x08000244   0x0000001c   Code   RO         7959    !!handler_zi        c_w.l(__scatter_zi.o)
    0x08000260   0x00000000   Code   RO         7596    .ARM.Collect$$_printf_percent$$00000000  c_w.l(_printf_percent.o)
    0x08000260   0x00000006   Code   RO         7699    .ARM.Collect$$_printf_percent$$00000001  c_w.l(_printf_n.o)
    0x08000266   0x00000006   Code   RO         7700    .ARM.Collect$$_printf_percent$$00000002  c_w.l(_printf_p.o)
    0x0800026c   0x00000006   Code   RO         7595    .ARM.Collect$$_printf_percent$$00000003  c_w.l(_printf_f.o)
    0x08000272   0x00000006   Code   RO         7703    .ARM.Collect$$_printf_percent$$00000004  c_w.l(_printf_e.o)
    0x08000278   0x00000006   Code   RO         7704    .ARM.Collect$$_printf_percent$$00000005  c_w.l(_printf_g.o)
    0x0800027e   0x00000006   Code   RO         7705    .ARM.Collect$$_printf_percent$$00000006  c_w.l(_printf_a.o)
    0x08000284   0x0000000a   Code   RO         7710    .ARM.Collect$$_printf_percent$$00000007  c_w.l(_printf_ll.o)
    0x0800028e   0x00000006   Code   RO         7702    .ARM.Collect$$_printf_percent$$00000008  c_w.l(_printf_i.o)
    0x08000294   0x00000006   Code   RO         7593    .ARM.Collect$$_printf_percent$$00000009  c_w.l(_printf_d.o)
    0x0800029a   0x00000006   Code   RO         7594    .ARM.Collect$$_printf_percent$$0000000A  c_w.l(_printf_u.o)
    0x080002a0   0x00000006   Code   RO         7701    .ARM.Collect$$_printf_percent$$0000000B  c_w.l(_printf_o.o)
    0x080002a6   0x00000006   Code   RO         7592    .ARM.Collect$$_printf_percent$$0000000C  c_w.l(_printf_x.o)
    0x080002ac   0x00000006   Code   RO         7707    .ARM.Collect$$_printf_percent$$0000000D  c_w.l(_printf_lli.o)
    0x080002b2   0x00000006   Code   RO         7708    .ARM.Collect$$_printf_percent$$0000000E  c_w.l(_printf_lld.o)
    0x080002b8   0x00000006   Code   RO         7709    .ARM.Collect$$_printf_percent$$0000000F  c_w.l(_printf_llu.o)
    0x080002be   0x00000006   Code   RO         7714    .ARM.Collect$$_printf_percent$$00000010  c_w.l(_printf_llo.o)
    0x080002c4   0x00000006   Code   RO         7715    .ARM.Collect$$_printf_percent$$00000011  c_w.l(_printf_llx.o)
    0x080002ca   0x0000000a   Code   RO         7711    .ARM.Collect$$_printf_percent$$00000012  c_w.l(_printf_l.o)
    0x080002d4   0x00000006   Code   RO         7590    .ARM.Collect$$_printf_percent$$00000013  c_w.l(_printf_c.o)
    0x080002da   0x00000006   Code   RO         7591    .ARM.Collect$$_printf_percent$$00000014  c_w.l(_printf_s.o)
    0x080002e0   0x00000006   Code   RO         7712    .ARM.Collect$$_printf_percent$$00000015  c_w.l(_printf_lc.o)
    0x080002e6   0x00000006   Code   RO         7713    .ARM.Collect$$_printf_percent$$00000016  c_w.l(_printf_ls.o)
    0x080002ec   0x00000004   Code   RO         7706    .ARM.Collect$$_printf_percent$$00000017  c_w.l(_printf_percent_end.o)
    0x080002f0   0x00000002   Code   RO         7829    .ARM.Collect$$libinit$$00000000  c_w.l(libinit.o)
    0x080002f2   0x00000004   Code   RO         7830    .ARM.Collect$$libinit$$00000001  c_w.l(libinit2.o)
    0x080002f6   0x00000000   Code   RO         7833    .ARM.Collect$$libinit$$00000004  c_w.l(libinit2.o)
    0x080002f6   0x00000000   Code   RO         7836    .ARM.Collect$$libinit$$0000000A  c_w.l(libinit2.o)
    0x080002f6   0x00000000   Code   RO         7838    .ARM.Collect$$libinit$$0000000C  c_w.l(libinit2.o)
    0x080002f6   0x00000000   Code   RO         7840    .ARM.Collect$$libinit$$0000000E  c_w.l(libinit2.o)
    0x080002f6   0x00000006   Code   RO         7841    .ARM.Collect$$libinit$$0000000F  c_w.l(libinit2.o)
    0x080002fc   0x00000000   Code   RO         7843    .ARM.Collect$$libinit$$00000011  c_w.l(libinit2.o)
    0x080002fc   0x0000000c   Code   RO         7844    .ARM.Collect$$libinit$$00000012  c_w.l(libinit2.o)
    0x08000308   0x00000000   Code   RO         7845    .ARM.Collect$$libinit$$00000013  c_w.l(libinit2.o)
    0x08000308   0x00000000   Code   RO         7847    .ARM.Collect$$libinit$$00000015  c_w.l(libinit2.o)
    0x08000308   0x0000000a   Code   RO         7848    .ARM.Collect$$libinit$$00000016  c_w.l(libinit2.o)
    0x08000312   0x00000000   Code   RO         7849    .ARM.Collect$$libinit$$00000017  c_w.l(libinit2.o)
    0x08000312   0x00000000   Code   RO         7851    .ARM.Collect$$libinit$$00000019  c_w.l(libinit2.o)
    0x08000312   0x00000000   Code   RO         7853    .ARM.Collect$$libinit$$0000001B  c_w.l(libinit2.o)
    0x08000312   0x00000000   Code   RO         7855    .ARM.Collect$$libinit$$0000001D  c_w.l(libinit2.o)
    0x08000312   0x00000000   Code   RO         7857    .ARM.Collect$$libinit$$0000001F  c_w.l(libinit2.o)
    0x08000312   0x00000000   Code   RO         7859    .ARM.Collect$$libinit$$00000021  c_w.l(libinit2.o)
    0x08000312   0x00000000   Code   RO         7861    .ARM.Collect$$libinit$$00000023  c_w.l(libinit2.o)
    0x08000312   0x00000000   Code   RO         7863    .ARM.Collect$$libinit$$00000025  c_w.l(libinit2.o)
    0x08000312   0x00000000   Code   RO         7867    .ARM.Collect$$libinit$$0000002C  c_w.l(libinit2.o)
    0x08000312   0x00000000   Code   RO         7869    .ARM.Collect$$libinit$$0000002E  c_w.l(libinit2.o)
    0x08000312   0x00000000   Code   RO         7871    .ARM.Collect$$libinit$$00000030  c_w.l(libinit2.o)
    0x08000312   0x00000000   Code   RO         7873    .ARM.Collect$$libinit$$00000032  c_w.l(libinit2.o)
    0x08000312   0x00000002   Code   RO         7874    .ARM.Collect$$libinit$$00000033  c_w.l(libinit2.o)
    0x08000314   0x00000002   Code   RO         7919    .ARM.Collect$$libshutdown$$00000000  c_w.l(libshutdown.o)
    0x08000316   0x00000000   Code   RO         7938    .ARM.Collect$$libshutdown$$00000002  c_w.l(libshutdown2.o)
    0x08000316   0x00000000   Code   RO         7940    .ARM.Collect$$libshutdown$$00000004  c_w.l(libshutdown2.o)
    0x08000316   0x00000000   Code   RO         7943    .ARM.Collect$$libshutdown$$00000007  c_w.l(libshutdown2.o)
    0x08000316   0x00000000   Code   RO         7946    .ARM.Collect$$libshutdown$$0000000A  c_w.l(libshutdown2.o)
    0x08000316   0x00000000   Code   RO         7948    .ARM.Collect$$libshutdown$$0000000C  c_w.l(libshutdown2.o)
    0x08000316   0x00000000   Code   RO         7951    .ARM.Collect$$libshutdown$$0000000F  c_w.l(libshutdown2.o)
    0x08000316   0x00000002   Code   RO         7952    .ARM.Collect$$libshutdown$$00000010  c_w.l(libshutdown2.o)
    0x08000318   0x00000000   Code   RO         7665    .ARM.Collect$$rtentry$$00000000  c_w.l(__rtentry.o)
    0x08000318   0x00000000   Code   RO         7736    .ARM.Collect$$rtentry$$00000002  c_w.l(__rtentry2.o)
    0x08000318   0x00000006   Code   RO         7748    .ARM.Collect$$rtentry$$00000004  c_w.l(__rtentry4.o)
    0x0800031e   0x00000000   Code   RO         7738    .ARM.Collect$$rtentry$$00000009  c_w.l(__rtentry2.o)
    0x0800031e   0x00000004   Code   RO         7739    .ARM.Collect$$rtentry$$0000000A  c_w.l(__rtentry2.o)
    0x08000322   0x00000000   Code   RO         7741    .ARM.Collect$$rtentry$$0000000C  c_w.l(__rtentry2.o)
    0x08000322   0x00000008   Code   RO         7742    .ARM.Collect$$rtentry$$0000000D  c_w.l(__rtentry2.o)
    0x0800032a   0x00000002   Code   RO         7875    .ARM.Collect$$rtexit$$00000000  c_w.l(rtexit.o)
    0x0800032c   0x00000000   Code   RO         7891    .ARM.Collect$$rtexit$$00000002  c_w.l(rtexit2.o)
    0x0800032c   0x00000004   Code   RO         7892    .ARM.Collect$$rtexit$$00000003  c_w.l(rtexit2.o)
    0x08000330   0x00000006   Code   RO         7893    .ARM.Collect$$rtexit$$00000004  c_w.l(rtexit2.o)
    0x08000336   0x00000002   PAD
    0x08000338   0x00000010   Code   RO         4515    .emb_text           sys.o
    0x08000348   0x00000040   Code   RO          566    .text               startup_stm32f429xx.o
    0x08000388   0x00000002   Code   RO         7527    .text               c_w.l(use_no_semi_2.o)
    0x0800038a   0x000000ee   Code   RO         7529    .text               c_w.l(lludivv7m.o)
    0x08000478   0x00000024   Code   RO         7531    .text               c_w.l(vsprintf.o)
    0x0800049c   0x00000018   Code   RO         7533    .text               c_w.l(__2printf.o)
    0x080004b4   0x0000002c   Code   RO         7535    .text               c_w.l(__2sprintf.o)
    0x080004e0   0x0000004e   Code   RO         7543    .text               c_w.l(_printf_pad.o)
    0x0800052e   0x00000052   Code   RO         7545    .text               c_w.l(_printf_str.o)
    0x08000580   0x00000078   Code   RO         7547    .text               c_w.l(_printf_dec.o)
    0x080005f8   0x00000094   Code   RO         7567    .text               c_w.l(_printf_hex_int_ll_ptr.o)
    0x0800068c   0x00000188   Code   RO         7587    .text               c_w.l(__printf_flags_ss_wp.o)
    0x08000814   0x00000024   Code   RO         7597    .text               c_w.l(strstr.o)
    0x08000838   0x00000048   Code   RO         7599    .text               c_w.l(strcpy.o)
    0x08000880   0x0000003e   Code   RO         7601    .text               c_w.l(strlen.o)
    0x080008be   0x00000018   Code   RO         7603    .text               c_w.l(strcat.o)
    0x080008d6   0x0000008a   Code   RO         7605    .text               c_w.l(rt_memcpy_v6.o)
    0x08000960   0x00000064   Code   RO         7607    .text               c_w.l(rt_memcpy_w.o)
    0x080009c4   0x00000044   Code   RO         7609    .text               c_w.l(rt_memclr.o)
    0x08000a08   0x0000004e   Code   RO         7611    .text               c_w.l(rt_memclr_w.o)
    0x08000a56   0x00000002   PAD
    0x08000a58   0x00000080   Code   RO         7613    .text               c_w.l(strcmpv7m.o)
    0x08000ad8   0x00000006   Code   RO         7615    .text               c_w.l(heapauxi.o)
    0x08000ade   0x00000002   Code   RO         7663    .text               c_w.l(use_no_semi.o)
    0x08000ae0   0x00000016   Code   RO         7670    .text               c_w.l(_rserrno.o)
    0x08000af6   0x00000024   Code   RO         7672    .text               c_w.l(_printf_truncate.o)
    0x08000b1a   0x000000b2   Code   RO         7674    .text               c_w.l(_printf_intcommon.o)
    0x08000bcc   0x00000028   Code   RO         7676    .text               c_w.l(_printf_charcount.o)
    0x08000bf4   0x0000041a   Code   RO         7678    .text               c_w.l(_printf_fp_dec.o)
    0x0800100e   0x00000002   PAD
    0x08001010   0x00000030   Code   RO         7680    .text               c_w.l(_printf_char_common.o)
    0x08001040   0x0000000a   Code   RO         7682    .text               c_w.l(_sputc.o)
    0x0800104a   0x0000002c   Code   RO         7684    .text               c_w.l(_printf_char.o)
    0x08001076   0x00000002   PAD
    0x08001078   0x00000024   Code   RO         7686    .text               c_w.l(_printf_char_file.o)
    0x0800109c   0x000000bc   Code   RO         7688    .text               c_w.l(_printf_wctomb.o)
    0x08001158   0x0000007c   Code   RO         7691    .text               c_w.l(_printf_longlong_dec.o)
    0x080011d4   0x00000070   Code   RO         7697    .text               c_w.l(_printf_oct_int_ll.o)
    0x08001244   0x00000008   Code   RO         7755    .text               c_w.l(rt_locale_intlibspace.o)
    0x0800124c   0x00000008   Code   RO         7760    .text               c_w.l(rt_errno_addr_intlibspace.o)
    0x08001254   0x0000008a   Code   RO         7762    .text               c_w.l(lludiv10.o)
    0x080012de   0x00000002   PAD
    0x080012e0   0x000002fc   Code   RO         7764    .text               c_w.l(_printf_fp_hex.o)
    0x080015dc   0x00000080   Code   RO         7767    .text               c_w.l(_printf_fp_infnan.o)
    0x0800165c   0x0000002c   Code   RO         7771    .text               c_w.l(_printf_wchar.o)
    0x08001688   0x000000dc   Code   RO         7773    .text               c_w.l(bigflt0.o)
    0x08001764   0x00000008   Code   RO         7798    .text               c_w.l(ferror.o)
    0x0800176c   0x00000040   Code   RO         7802    .text               c_w.l(_wcrtomb.o)
    0x080017ac   0x00000008   Code   RO         7811    .text               c_w.l(libspace.o)
    0x080017b4   0x0000004a   Code   RO         7814    .text               c_w.l(sys_stackheap_outer.o)
    0x080017fe   0x00000002   PAD
    0x08001800   0x00000010   Code   RO         7816    .text               c_w.l(rt_ctype_table.o)
    0x08001810   0x00000012   Code   RO         7818    .text               c_w.l(exit.o)
    0x08001822   0x0000003e   Code   RO         7776    CL$$btod_d2e        c_w.l(btod.o)
    0x08001860   0x00000046   Code   RO         7778    CL$$btod_d2e_denorm_low  c_w.l(btod.o)
    0x080018a6   0x00000060   Code   RO         7777    CL$$btod_d2e_norm_op1  c_w.l(btod.o)
    0x08001906   0x00000338   Code   RO         7786    CL$$btod_div_common  c_w.l(btod.o)
    0x08001c3e   0x000000c6   Code   RO         7783    CL$$btod_e2e        c_w.l(btod.o)
    0x08001d04   0x00000028   Code   RO         7780    CL$$btod_ediv       c_w.l(btod.o)
    0x08001d2c   0x00000028   Code   RO         7779    CL$$btod_emul       c_w.l(btod.o)
    0x08001d54   0x00000244   Code   RO         7785    CL$$btod_mult_common  c_w.l(btod.o)
    0x08001f98   0x00000134   Code   RO         4205    i.ADC_Init          stm32f4xx_hal_adc.o
    0x080020cc   0x00000004   Code   RO         5980    i.AT24CXX_Init      24cxx.o
    0x080020d0   0x0000002a   Code   RO         5982    i.AT24CXX_ReadLenByte  24cxx.o
    0x080020fa   0x00000042   Code   RO         5983    i.AT24CXX_ReadOneByte  24cxx.o
    0x0800213c   0x0000002a   Code   RO         5985    i.AT24CXX_WriteLenByte  24cxx.o
    0x08002166   0x0000003e   Code   RO         5986    i.AT24CXX_WriteOneByte  24cxx.o
    0x080021a4   0x00000064   Code   RO         7291    i.Aux_Int           lora_app.o
    0x08002208   0x00000002   Code   RO          352    i.BusFault_Handler  stm32f4xx_it.o
    0x0800220a   0x00000002   PAD
    0x0800220c   0x00000048   Code   RO         5644    i.CT_IIC_Ack        ctiic.o
    0x08002254   0x0000006c   Code   RO         5645    i.CT_IIC_Init       ctiic.o
    0x080022c0   0x00000048   Code   RO         5646    i.CT_IIC_NAck       ctiic.o
    0x08002308   0x00000078   Code   RO         5647    i.CT_IIC_Read_Byte  ctiic.o
    0x08002380   0x00000068   Code   RO         5648    i.CT_IIC_Send_Byte  ctiic.o
    0x080023e8   0x0000004c   Code   RO         5649    i.CT_IIC_Start      ctiic.o
    0x08002434   0x0000004c   Code   RO         5650    i.CT_IIC_Stop       ctiic.o
    0x08002480   0x00000054   Code   RO         5651    i.CT_IIC_Wait_Ack   ctiic.o
    0x080024d4   0x00000060   Code   RO         6210    i.DS18B20_Check     ds18b20.o
    0x08002534   0x00000064   Code   RO         6211    i.DS18B20_Get_Temp  ds18b20.o
    0x08002598   0x0000005c   Code   RO         6213    i.DS18B20_Read_Bit  ds18b20.o
    0x080025f4   0x0000001e   Code   RO         6214    i.DS18B20_Read_Byte  ds18b20.o
    0x08002612   0x00000002   PAD
    0x08002614   0x00000040   Code   RO         6215    i.DS18B20_Rst       ds18b20.o
    0x08002654   0x0000001a   Code   RO         6216    i.DS18B20_Start     ds18b20.o
    0x0800266e   0x00000002   PAD
    0x08002670   0x00000060   Code   RO         6217    i.DS18B20_Write_Byte  ds18b20.o
    0x080026d0   0x00000002   Code   RO          353    i.DebugMon_Handler  stm32f4xx_it.o
    0x080026d2   0x00000002   PAD
    0x080026d4   0x000003a4   Code   RO         7422    i.Dire_Set          lora_ui.o
    0x08002a78   0x00000008   Code   RO         7292    i.EXTI15_10_IRQHandler  lora_app.o
    0x08002a80   0x00000030   Code   RO         2702    i.FMC_NAND_AttributeSpace_Timing_Init  stm32f4xx_ll_fmc.o
    0x08002ab0   0x00000030   Code   RO         2703    i.FMC_NAND_CommonSpace_Timing_Init  stm32f4xx_ll_fmc.o
    0x08002ae0   0x00000050   Code   RO         2708    i.FMC_NAND_Init     stm32f4xx_ll_fmc.o
    0x08002b30   0x00000040   Code   RO         2710    i.FMC_NORSRAM_Extended_Timing_Init  stm32f4xx_ll_fmc.o
    0x08002b70   0x00000078   Code   RO         2711    i.FMC_NORSRAM_Init  stm32f4xx_ll_fmc.o
    0x08002be8   0x0000005c   Code   RO         2712    i.FMC_NORSRAM_Timing_Init  stm32f4xx_ll_fmc.o
    0x08002c44   0x0000004c   Code   RO         2722    i.FMC_SDRAM_Init    stm32f4xx_ll_fmc.o
    0x08002c90   0x0000000c   Code   RO         2723    i.FMC_SDRAM_ProgramRefreshRate  stm32f4xx_ll_fmc.o
    0x08002c9c   0x00000048   Code   RO         2724    i.FMC_SDRAM_SendCommand  stm32f4xx_ll_fmc.o
    0x08002ce4   0x0000007c   Code   RO         2726    i.FMC_SDRAM_Timing_Init  stm32f4xx_ll_fmc.o
    0x08002d60   0x000000f8   Code   RO         5718    i.FT5206_Init       ft5206.o
    0x08002e58   0x00000056   Code   RO         5719    i.FT5206_RD_Reg     ft5206.o
    0x08002eae   0x00000002   PAD
    0x08002eb0   0x00000134   Code   RO         5720    i.FT5206_Scan       ft5206.o
    0x08002fe4   0x00000048   Code   RO         5721    i.FT5206_WR_Reg     ft5206.o
    0x0800302c   0x00000030   Code   RO         5277    i.FTL_BadBlockMark  ftl.o
    0x0800305c   0x000000d0   Code   RO         5278    i.FTL_BlockCompare  ftl.o
    0x0800312c   0x0000004c   Code   RO         5279    i.FTL_CheckBadBlock  ftl.o
    0x08003178   0x000000c8   Code   RO         5280    i.FTL_CopyAndWriteToBlock  ftl.o
    0x08003240   0x000000c8   Code   RO         5281    i.FTL_CreateLUT     ftl.o
    0x08003308   0x0000004c   Code   RO         5282    i.FTL_FindSamePlaneUnusedBlock  ftl.o
    0x08003354   0x00000044   Code   RO         5283    i.FTL_FindUnusedBlock  ftl.o
    0x08003398   0x000000c0   Code   RO         5284    i.FTL_Format        ftl.o
    0x08003458   0x000000e0   Code   RO         5285    i.FTL_Init          ftl.o
    0x08003538   0x0000001c   Code   RO         5286    i.FTL_LBNToPBN      ftl.o
    0x08003554   0x00000110   Code   RO         5287    i.FTL_ReadSectors   ftl.o
    0x08003664   0x00000020   Code   RO         5289    i.FTL_UsedBlockMark  ftl.o
    0x08003684   0x00000118   Code   RO         5290    i.FTL_WriteSectors  ftl.o
    0x0800379c   0x00000140   Code   RO         5764    i.GT9147_Init       gt9147.o
    0x080038dc   0x00000060   Code   RO         5765    i.GT9147_RD_Reg     gt9147.o
    0x0800393c   0x000001c8   Code   RO         5766    i.GT9147_Scan       gt9147.o
    0x08003b04   0x0000004c   Code   RO         5767    i.GT9147_Send_Cfg   gt9147.o
    0x08003b50   0x00000052   Code   RO         5768    i.GT9147_WR_Reg     gt9147.o
    0x08003ba2   0x00000002   PAD
    0x08003ba4   0x0000013c   Code   RO         6111    i.GT9271_Init       gt9271.o
    0x08003ce0   0x00000060   Code   RO         6112    i.GT9271_RD_Reg     gt9271.o
    0x08003d40   0x000001bc   Code   RO         6113    i.GT9271_Scan       gt9271.o
    0x08003efc   0x0000004c   Code   RO         6114    i.GT9271_Send_Cfg   gt9271.o
    0x08003f48   0x00000052   Code   RO         6115    i.GT9271_WR_Reg     gt9271.o
    0x08003f9a   0x00000002   PAD
    0x08003f9c   0x00000038   Code   RO         6275    i.Get_Adc           adc.o
    0x08003fd4   0x0000002e   Code   RO         6276    i.Get_Adc_Average   adc.o
    0x08004002   0x00000002   PAD
    0x08004004   0x00000098   Code   RO         6993    i.Get_HzMat         text.o
    0x0800409c   0x00000154   Code   RO         4207    i.HAL_ADC_ConfigChannel  stm32f4xx_hal_adc.o
    0x080041f0   0x00000006   Code   RO         4214    i.HAL_ADC_GetValue  stm32f4xx_hal_adc.o
    0x080041f6   0x0000003a   Code   RO         4216    i.HAL_ADC_Init      stm32f4xx_hal_adc.o
    0x08004230   0x00000058   Code   RO         6277    i.HAL_ADC_MspInit   adc.o
    0x08004288   0x0000006c   Code   RO         4220    i.HAL_ADC_PollForConversion  stm32f4xx_hal_adc.o
    0x080042f4   0x00000088   Code   RO         4222    i.HAL_ADC_Start     stm32f4xx_hal_adc.o
    0x0800437c   0x00000016   Code   RO          580    i.HAL_Delay         stm32f4xx_hal.o
    0x08004392   0x00000002   PAD
    0x08004394   0x00000064   Code   RO         7294    i.HAL_GPIO_EXTI_Callback  lora_app.o
    0x080043f8   0x00000018   Code   RO          856    i.HAL_GPIO_EXTI_IRQHandler  stm32f4xx_hal_gpio.o
    0x08004410   0x000001dc   Code   RO          857    i.HAL_GPIO_Init     stm32f4xx_hal_gpio.o
    0x080045ec   0x0000000a   Code   RO          859    i.HAL_GPIO_ReadPin  stm32f4xx_hal_gpio.o
    0x080045f6   0x0000000a   Code   RO          861    i.HAL_GPIO_WritePin  stm32f4xx_hal_gpio.o
    0x08004600   0x0000000c   Code   RO          588    i.HAL_GetTick       stm32f4xx_hal.o
    0x0800460c   0x00000010   Code   RO          589    i.HAL_IncTick       stm32f4xx_hal.o
    0x0800461c   0x00000034   Code   RO          590    i.HAL_Init          stm32f4xx_hal.o
    0x08004650   0x00000022   Code   RO          591    i.HAL_InitTick      stm32f4xx_hal.o
    0x08004672   0x00000052   Code   RO         3160    i.HAL_LTDC_ConfigLayer  stm32f4xx_hal_ltdc.o
    0x080046c4   0x000000fc   Code   RO         3172    i.HAL_LTDC_Init     stm32f4xx_hal_ltdc.o
    0x080047c0   0x000000f4   Code   RO         4942    i.HAL_LTDC_MspInit  ltdc.o
    0x080048b4   0x00000054   Code   RO         3181    i.HAL_LTDC_SetWindowPosition  stm32f4xx_hal_ltdc.o
    0x08004908   0x00000054   Code   RO         3182    i.HAL_LTDC_SetWindowSize  stm32f4xx_hal_ltdc.o
    0x0800495c   0x00000008   Code   RO          593    i.HAL_MspInit       stm32f4xx_hal.o
    0x08004964   0x00000062   Code   RO         4079    i.HAL_NAND_Init     stm32f4xx_hal_nand.o
    0x080049c6   0x00000002   PAD
    0x080049c8   0x000000b0   Code   RO         5386    i.HAL_NAND_MspInit  nand.o
    0x08004a78   0x00000016   Code   RO          733    i.HAL_NVIC_DisableIRQ  stm32f4xx_hal_cortex.o
    0x08004a8e   0x00000016   Code   RO          734    i.HAL_NVIC_EnableIRQ  stm32f4xx_hal_cortex.o
    0x08004aa4   0x00000040   Code   RO          740    i.HAL_NVIC_SetPriority  stm32f4xx_hal_cortex.o
    0x08004ae4   0x00000024   Code   RO          741    i.HAL_NVIC_SetPriorityGrouping  stm32f4xx_hal_cortex.o
    0x08004b08   0x00000088   Code   RO         1046    i.HAL_PWREx_EnableOverDrive  stm32f4xx_hal_pwr_ex.o
    0x08004b90   0x000002a8   Code   RO         1218    i.HAL_RCCEx_PeriphCLKConfig  stm32f4xx_hal_rcc_ex.o
    0x08004e38   0x00000208   Code   RO         1113    i.HAL_RCC_ClockConfig  stm32f4xx_hal_rcc.o
    0x08005040   0x00000034   Code   RO         1118    i.HAL_RCC_GetHCLKFreq  stm32f4xx_hal_rcc.o
    0x08005074   0x0000002c   Code   RO         1120    i.HAL_RCC_GetPCLK1Freq  stm32f4xx_hal_rcc.o
    0x080050a0   0x0000002c   Code   RO         1121    i.HAL_RCC_GetPCLK2Freq  stm32f4xx_hal_rcc.o
    0x080050cc   0x00000074   Code   RO         1122    i.HAL_RCC_GetSysClockFreq  stm32f4xx_hal_rcc.o
    0x08005140   0x0000031c   Code   RO         1125    i.HAL_RCC_OscConfig  stm32f4xx_hal_rcc.o
    0x0800545c   0x00000042   Code   RO         3008    i.HAL_SDRAM_Init    stm32f4xx_hal_sdram.o
    0x0800549e   0x00000002   PAD
    0x080054a0   0x000000dc   Code   RO         4884    i.HAL_SDRAM_MspInit  sdram.o
    0x0800557c   0x00000022   Code   RO         3011    i.HAL_SDRAM_ProgramRefreshRate  stm32f4xx_hal_sdram.o
    0x0800559e   0x0000002e   Code   RO         3017    i.HAL_SDRAM_SendCommand  stm32f4xx_hal_sdram.o
    0x080055cc   0x000002b8   Code   RO         3598    i.HAL_SD_Get_CardInfo  stm32f4xx_hal_sd.o
    0x08005884   0x000000a0   Code   RO         3601    i.HAL_SD_Init       stm32f4xx_hal_sd.o
    0x08005924   0x00000084   Code   RO         5056    i.HAL_SD_MspInit    sdio_sdcard.o
    0x080059a8   0x0000017c   Code   RO         3604    i.HAL_SD_ReadBlocks  stm32f4xx_hal_sd.o
    0x08005b24   0x0000002c   Code   RO         3607    i.HAL_SD_StopTransfer  stm32f4xx_hal_sd.o
    0x08005b50   0x0000005e   Code   RO         3608    i.HAL_SD_WideBusOperation_Config  stm32f4xx_hal_sd.o
    0x08005bae   0x000001d0   Code   RO         3609    i.HAL_SD_WriteBlocks  stm32f4xx_hal_sd.o
    0x08005d7e   0x00000084   Code   RO         3834    i.HAL_SPI_Init      stm32f4xx_hal_spi.o
    0x08005e02   0x00000002   PAD
    0x08005e04   0x00000054   Code   RO         5112    i.HAL_SPI_MspInit   spi.o
    0x08005e58   0x000002aa   Code   RO         3843    i.HAL_SPI_TransmitReceive  stm32f4xx_hal_spi.o
    0x08006102   0x00000056   Code   RO         2886    i.HAL_SRAM_Init     stm32f4xx_hal_sram.o
    0x08006158   0x00000078   Code   RO         4663    i.HAL_SRAM_MspInit  lcd.o
    0x080061d0   0x00000018   Code   RO          743    i.HAL_SYSTICK_CLKSourceConfig  stm32f4xx_hal_cortex.o
    0x080061e8   0x00000028   Code   RO          745    i.HAL_SYSTICK_Config  stm32f4xx_hal_cortex.o
    0x08006210   0x00000002   Code   RO         2463    i.HAL_TIMEx_BreakCallback  stm32f4xx_hal_tim_ex.o
    0x08006212   0x00000002   Code   RO         2464    i.HAL_TIMEx_CommutationCallback  stm32f4xx_hal_tim_ex.o
    0x08006214   0x00000036   Code   RO         1834    i.HAL_TIM_Base_Init  stm32f4xx_hal_tim.o
    0x0800624a   0x00000002   PAD
    0x0800624c   0x0000003c   Code   RO         7086    i.HAL_TIM_Base_MspInit  usmart.o
    0x08006288   0x0000001a   Code   RO         1837    i.HAL_TIM_Base_Start  stm32f4xx_hal_tim.o
    0x080062a2   0x00000018   Code   RO         1839    i.HAL_TIM_Base_Start_IT  stm32f4xx_hal_tim.o
    0x080062ba   0x0000002c   Code   RO         1840    i.HAL_TIM_Base_Stop  stm32f4xx_hal_tim.o
    0x080062e6   0x00000002   Code   RO         1863    i.HAL_TIM_IC_CaptureCallback  stm32f4xx_hal_tim.o
    0x080062e8   0x00000166   Code   RO         1876    i.HAL_TIM_IRQHandler  stm32f4xx_hal_tim.o
    0x0800644e   0x00000002   Code   RO         1879    i.HAL_TIM_OC_DelayElapsedCallback  stm32f4xx_hal_tim.o
    0x08006450   0x00000002   Code   RO         1906    i.HAL_TIM_PWM_PulseFinishedCallback  stm32f4xx_hal_tim.o
    0x08006452   0x00000002   PAD
    0x08006454   0x00000048   Code   RO         5594    i.HAL_TIM_PeriodElapsedCallback  timer.o
    0x0800649c   0x00000002   Code   RO         1917    i.HAL_TIM_TriggerCallback  stm32f4xx_hal_tim.o
    0x0800649e   0x00000002   Code   RO         1265    i.HAL_UART_ErrorCallback  stm32f4xx_hal_uart.o
    0x080064a0   0x000000f4   Code   RO         1268    i.HAL_UART_IRQHandler  stm32f4xx_hal_uart.o
    0x08006594   0x0000005e   Code   RO         1269    i.HAL_UART_Init     stm32f4xx_hal_uart.o
    0x080065f2   0x00000002   PAD
    0x080065f4   0x00000094   Code   RO         4543    i.HAL_UART_MspInit  usart.o
    0x08006688   0x000000ca   Code   RO         1272    i.HAL_UART_Receive  stm32f4xx_hal_uart.o
    0x08006752   0x00000002   Code   RO         1275    i.HAL_UART_RxCpltCallback  stm32f4xx_hal_uart.o
    0x08006754   0x000000c8   Code   RO         1277    i.HAL_UART_Transmit  stm32f4xx_hal_uart.o
    0x0800681c   0x00000002   Code   RO         1280    i.HAL_UART_TxCpltCallback  stm32f4xx_hal_uart.o
    0x0800681e   0x00000002   Code   RO          354    i.HardFault_Handler  stm32f4xx_it.o
    0x08006820   0x00000040   Code   RO         6045    i.IIC_Ack           myiic.o
    0x08006860   0x00000048   Code   RO         6046    i.IIC_Init          myiic.o
    0x080068a8   0x00000040   Code   RO         6047    i.IIC_NAck          myiic.o
    0x080068e8   0x00000068   Code   RO         6048    i.IIC_Read_Byte     myiic.o
    0x08006950   0x00000060   Code   RO         6049    i.IIC_Send_Byte     myiic.o
    0x080069b0   0x00000040   Code   RO         6050    i.IIC_Start         myiic.o
    0x080069f0   0x00000044   Code   RO         6051    i.IIC_Stop          myiic.o
    0x08006a34   0x00000054   Code   RO         6052    i.IIC_Wait_Ack      myiic.o
    0x08006a88   0x00000080   Code   RO         4632    i.KEY_Init          key.o
    0x08006b08   0x000000d8   Code   RO         4633    i.KEY_Scan          key.o
    0x08006be0   0x00000048   Code   RO         4665    i.LCD_Clear         lcd.o
    0x08006c28   0x000000f4   Code   RO         4669    i.LCD_Display_Dir   lcd.o
    0x08006d1c   0x00000096   Code   RO         4670    i.LCD_DrawLine      lcd.o
    0x08006db2   0x00000002   PAD
    0x08006db4   0x00000030   Code   RO         4671    i.LCD_DrawPoint     lcd.o
    0x08006de4   0x0000003a   Code   RO         4672    i.LCD_DrawRectangle  lcd.o
    0x08006e1e   0x000000b0   Code   RO         4673    i.LCD_Draw_Circle   lcd.o
    0x08006ece   0x00000002   PAD
    0x08006ed0   0x000000fc   Code   RO         4674    i.LCD_Fast_DrawPoint  lcd.o
    0x08006fcc   0x00000060   Code   RO         4675    i.LCD_Fill          lcd.o
    0x0800702c   0x0000238c   Code   RO         4676    i.LCD_Init          lcd.o
    0x080093b8   0x00000010   Code   RO         4677    i.LCD_Pow           lcd.o
    0x080093c8   0x00000014   Code   RO         4678    i.LCD_RD_DATA       lcd.o
    0x080093dc   0x00000050   Code   RO         4681    i.LCD_SSD_BackLightSet  lcd.o
    0x0800942c   0x000001b8   Code   RO         4682    i.LCD_Scan_Dir      lcd.o
    0x080095e4   0x00000104   Code   RO         4683    i.LCD_SetCursor     lcd.o
    0x080096e8   0x000000dc   Code   RO         4685    i.LCD_ShowChar      lcd.o
    0x080097c4   0x00000076   Code   RO         4686    i.LCD_ShowNum       lcd.o
    0x0800983a   0x00000054   Code   RO         4687    i.LCD_ShowString    lcd.o
    0x0800988e   0x00000086   Code   RO         4688    i.LCD_ShowxNum      lcd.o
    0x08009914   0x00000018   Code   RO         4689    i.LCD_WR_DATA       lcd.o
    0x0800992c   0x00000018   Code   RO         4690    i.LCD_WR_REG        lcd.o
    0x08009944   0x00000014   Code   RO         4692    i.LCD_WriteRAM_Prepare  lcd.o
    0x08009958   0x00000010   Code   RO         4693    i.LCD_WriteReg      lcd.o
    0x08009968   0x000000f0   Code   RO         4608    i.LED_Init          led.o
    0x08009a58   0x00000020   Code   RO         4943    i.LTDC_Clear        ltdc.o
    0x08009a78   0x0000001e   Code   RO         4944    i.LTDC_Clk_Set      ltdc.o
    0x08009a96   0x00000002   PAD
    0x08009a98   0x00000028   Code   RO         4946    i.LTDC_Display_Dir  ltdc.o
    0x08009ac0   0x0000003c   Code   RO         4947    i.LTDC_Draw_Point   ltdc.o
    0x08009afc   0x000000b4   Code   RO         4948    i.LTDC_Fill         ltdc.o
    0x08009bb0   0x000001e8   Code   RO         4949    i.LTDC_Init         ltdc.o
    0x08009d98   0x0000005c   Code   RO         4950    i.LTDC_Layer_Parameter_Config  ltdc.o
    0x08009df4   0x00000024   Code   RO         4952    i.LTDC_Layer_Window_Config  ltdc.o
    0x08009e18   0x000000b8   Code   RO         4953    i.LTDC_PanelID_Read  ltdc.o
    0x08009ed0   0x00000162   Code   RO         3183    i.LTDC_SetConfig    stm32f4xx_hal_ltdc.o
    0x0800a032   0x00000002   PAD
    0x0800a034   0x0000012c   Code   RO         7295    i.LoRa_Init         lora_app.o
    0x0800a160   0x000000cc   Code   RO         7296    i.LoRa_Process      lora_app.o
    0x0800a22c   0x000000e8   Code   RO         7297    i.LoRa_ReceData     lora_app.o
    0x0800a314   0x000001f0   Code   RO         7298    i.LoRa_SendData     lora_app.o
    0x0800a504   0x00000184   Code   RO         7299    i.LoRa_Set          lora_app.o
    0x0800a688   0x000001cc   Code   RO         7300    i.Lora_Test         lora_app.o
    0x0800a854   0x000001f4   Code   RO         7301    i.Lora_analyze      lora_app.o
    0x0800aa48   0x00000038   Code   RO         6278    i.MY_ADC_Init       adc.o
    0x0800aa80   0x00000002   Code   RO          355    i.MemManage_Handler  stm32f4xx_it.o
    0x0800aa82   0x00000002   PAD
    0x0800aa84   0x00000244   Code   RO         7423    i.Menu_cfg          lora_ui.o
    0x0800acc8   0x00000240   Code   RO         7424    i.Menu_ui           lora_ui.o
    0x0800af08   0x000001a4   Code   RO         5387    i.NAND_CopyPageWithWrite  nand.o
    0x0800b0ac   0x00000078   Code   RO         5388    i.NAND_CopyPageWithoutWrite  nand.o
    0x0800b124   0x00000010   Code   RO         5389    i.NAND_Delay        nand.o
    0x0800b134   0x00000094   Code   RO         5390    i.NAND_ECC_Correction  nand.o
    0x0800b1c8   0x00000030   Code   RO         5391    i.NAND_ECC_Get_OE   nand.o
    0x0800b1f8   0x00000054   Code   RO         5392    i.NAND_EraseBlock   nand.o
    0x0800b24c   0x000000ac   Code   RO         5394    i.NAND_Init         nand.o
    0x0800b2f8   0x00000034   Code   RO         5395    i.NAND_ModeSet      nand.o
    0x0800b32c   0x00000048   Code   RO         5396    i.NAND_ReadID       nand.o
    0x0800b374   0x0000023c   Code   RO         5397    i.NAND_ReadPage     nand.o
    0x0800b5b0   0x00000068   Code   RO         5398    i.NAND_ReadPageComp  nand.o
    0x0800b618   0x00000020   Code   RO         5399    i.NAND_ReadSpare    nand.o
    0x0800b638   0x00000054   Code   RO         5400    i.NAND_ReadStatus   nand.o
    0x0800b68c   0x0000001c   Code   RO         5401    i.NAND_Reset        nand.o
    0x0800b6a8   0x00000028   Code   RO         5402    i.NAND_WaitForReady  nand.o
    0x0800b6d0   0x0000003c   Code   RO         5403    i.NAND_WaitRB       nand.o
    0x0800b70c   0x00000150   Code   RO         5404    i.NAND_WritePage    nand.o
    0x0800b85c   0x00000050   Code   RO         5405    i.NAND_WritePageConst  nand.o
    0x0800b8ac   0x00000020   Code   RO         5406    i.NAND_WriteSpare   nand.o
    0x0800b8cc   0x0000017c   Code   RO         7302    i.ND_MON_1          lora_app.o
    0x0800ba48   0x00000178   Code   RO         7303    i.ND_MON_2          lora_app.o
    0x0800bbc0   0x00000002   Code   RO          356    i.NMI_Handler       stm32f4xx_it.o
    0x0800bbc2   0x00000020   Code   RO          747    i.NVIC_SetPriority  stm32f4xx_hal_cortex.o
    0x0800bbe2   0x00000002   PAD
    0x0800bbe4   0x000000b4   Code   RO         5816    i.OTT2001A_Init     ott2001a.o
    0x0800bc98   0x00000060   Code   RO         5817    i.OTT2001A_RD_Reg   ott2001a.o
    0x0800bcf8   0x0000016c   Code   RO         5818    i.OTT2001A_Scan     ott2001a.o
    0x0800be64   0x0000001e   Code   RO         5819    i.OTT2001A_SensorControl  ott2001a.o
    0x0800be82   0x00000052   Code   RO         5820    i.OTT2001A_WR_Reg   ott2001a.o
    0x0800bed4   0x0000005c   Code   RO         6163    i.PCF8574_Init      pcf8574.o
    0x0800bf30   0x00000018   Code   RO         6164    i.PCF8574_ReadBit   pcf8574.o
    0x0800bf48   0x00000020   Code   RO         6165    i.PCF8574_ReadOneByte  pcf8574.o
    0x0800bf68   0x0000002a   Code   RO         6167    i.PCF8574_WriteOneByte  pcf8574.o
    0x0800bf92   0x00000002   Code   RO          357    i.PendSV_Handler    stm32f4xx_it.o
    0x0800bf94   0x000002e8   Code   RO         7425    i.Process_ui        lora_ui.o
    0x0800c27c   0x0000016c   Code   RO         7304    i.RD_MON_1          lora_app.o
    0x0800c3e8   0x0000016c   Code   RO         7305    i.RD_MON_2          lora_app.o
    0x0800c554   0x00000024   Code   RO         3492    i.SDIO_DataConfig   stm32f4xx_ll_sdmmc.o
    0x0800c578   0x00000006   Code   RO         3493    i.SDIO_GetCommandResponse  stm32f4xx_ll_sdmmc.o
    0x0800c57e   0x00000008   Code   RO         3496    i.SDIO_GetPowerState  stm32f4xx_ll_sdmmc.o
    0x0800c586   0x00000002   PAD
    0x0800c588   0x00000010   Code   RO         3497    i.SDIO_GetResponse  stm32f4xx_ll_sdmmc.o
    0x0800c598   0x00000024   Code   RO         3498    i.SDIO_Init         stm32f4xx_ll_sdmmc.o
    0x0800c5bc   0x00000008   Code   RO         3500    i.SDIO_PowerState_ON  stm32f4xx_ll_sdmmc.o
    0x0800c5c4   0x00000006   Code   RO         3501    i.SDIO_ReadFIFO     stm32f4xx_ll_sdmmc.o
    0x0800c5ca   0x00000020   Code   RO         3502    i.SDIO_SendCommand  stm32f4xx_ll_sdmmc.o
    0x0800c5ea   0x0000000a   Code   RO         3504    i.SDIO_WriteFIFO    stm32f4xx_ll_sdmmc.o
    0x0800c5f4   0x00000060   Code   RO         4885    i.SDRAM_Init        sdram.o
    0x0800c654   0x00000050   Code   RO         4886    i.SDRAM_Initialization_Sequence  sdram.o
    0x0800c6a4   0x00000034   Code   RO         4887    i.SDRAM_Send_Cmd    sdram.o
    0x0800c6d8   0x000000ec   Code   RO         3613    i.SD_CmdResp1Error  stm32f4xx_hal_sd.o
    0x0800c7c4   0x0000002e   Code   RO         3614    i.SD_CmdResp2Error  stm32f4xx_hal_sd.o
    0x0800c7f2   0x00000072   Code   RO         3615    i.SD_CmdResp6Error  stm32f4xx_hal_sd.o
    0x0800c864   0x00000046   Code   RO         3616    i.SD_CmdResp7Error  stm32f4xx_hal_sd.o
    0x0800c8aa   0x0000010a   Code   RO         3621    i.SD_FindSCR        stm32f4xx_hal_sd.o
    0x0800c9b4   0x00000040   Code   RO         5058    i.SD_Init           sdio_sdcard.o
    0x0800c9f4   0x000000dc   Code   RO         3622    i.SD_Initialize_Cards  stm32f4xx_hal_sd.o
    0x0800cad0   0x0000013c   Code   RO         3623    i.SD_IsCardProgramming  stm32f4xx_hal_sd.o
    0x0800cc0c   0x0000018c   Code   RO         3624    i.SD_PowerON        stm32f4xx_hal_sd.o
    0x0800cd98   0x00000078   Code   RO         5059    i.SD_ReadDisk       sdio_sdcard.o
    0x0800ce10   0x00000072   Code   RO         3625    i.SD_WideBus_Disable  stm32f4xx_hal_sd.o
    0x0800ce82   0x00000074   Code   RO         3626    i.SD_WideBus_Enable  stm32f4xx_hal_sd.o
    0x0800cef6   0x00000002   PAD
    0x0800cef8   0x0000007c   Code   RO         5060    i.SD_WriteDisk      sdio_sdcard.o
    0x0800cf74   0x00000050   Code   RO         5113    i.SPI5_Init         spi.o
    0x0800cfc4   0x00000020   Code   RO         5114    i.SPI5_ReadWriteByte  spi.o
    0x0800cfe4   0x00000034   Code   RO         5115    i.SPI5_SetSpeed     spi.o
    0x0800d018   0x0000009e   Code   RO         3865    i.SPI_WaitOnFlagUntilTimeout  stm32f4xx_hal_spi.o
    0x0800d0b6   0x00000002   PAD
    0x0800d0b8   0x00000170   Code   RO         7306    i.ST_MON_1          lora_app.o
    0x0800d228   0x00000178   Code   RO         7307    i.ST_MON_2          lora_app.o
    0x0800d3a0   0x00000002   Code   RO          358    i.SVC_Handler       stm32f4xx_it.o
    0x0800d3a2   0x00000002   PAD
    0x0800d3a4   0x000000a8   Code   RO         6994    i.Show_Font         text.o
    0x0800d44c   0x000000ae   Code   RO         6995    i.Show_Str          text.o
    0x0800d4fa   0x00000002   PAD
    0x0800d4fc   0x00000058   Code   RO         6996    i.Show_Str_Mid      text.o
    0x0800d554   0x00000084   Code   RO         4516    i.Stm32_Clock_Init  sys.o
    0x0800d5d8   0x00000004   Code   RO          359    i.SysTick_Handler   stm32f4xx_it.o
    0x0800d5dc   0x00000054   Code   RO          431    i.SystemInit        system_stm32f4xx.o
    0x0800d630   0x0000000c   Code   RO         7087    i.TIM4_IRQHandler   usmart.o
    0x0800d63c   0x0000000c   Code   RO         5595    i.TIM7_IRQHandler   timer.o
    0x0800d648   0x00000050   Code   RO         5596    i.TIM7_Init         timer.o
    0x0800d698   0x000000c0   Code   RO         1918    i.TIM_Base_SetConfig  stm32f4xx_hal_tim.o
    0x0800d758   0x00000178   Code   RO         5868    i.TP_Adj_Info_Show  touch.o
    0x0800d8d0   0x000005b8   Code   RO         5869    i.TP_Adjust         touch.o
    0x0800de88   0x00000070   Code   RO         5871    i.TP_Drow_Touch_Point  touch.o
    0x0800def8   0x0000008c   Code   RO         5872    i.TP_Get_Adjdata    touch.o
    0x0800df84   0x00000158   Code   RO         5873    i.TP_Init           touch.o
    0x0800e0dc   0x0000008c   Code   RO         5874    i.TP_Read_AD        touch.o
    0x0800e168   0x00000060   Code   RO         5875    i.TP_Read_XOY       touch.o
    0x0800e1c8   0x00000028   Code   RO         5876    i.TP_Read_XY        touch.o
    0x0800e1f0   0x0000007c   Code   RO         5877    i.TP_Read_XY2       touch.o
    0x0800e26c   0x00000078   Code   RO         5878    i.TP_Save_Adjdata   touch.o
    0x0800e2e4   0x000000bc   Code   RO         5879    i.TP_Scan           touch.o
    0x0800e3a0   0x00000048   Code   RO         5880    i.TP_Write_Byte     touch.o
    0x0800e3e8   0x0000002c   Code   RO         7088    i.Timer4_Init       usmart.o
    0x0800e414   0x000000a6   Code   RO         1287    i.UART_Receive_IT   stm32f4xx_hal_uart.o
    0x0800e4ba   0x00000002   PAD
    0x0800e4bc   0x00000174   Code   RO         1288    i.UART_SetConfig    stm32f4xx_hal_uart.o
    0x0800e630   0x00000066   Code   RO         1289    i.UART_Transmit_IT  stm32f4xx_hal_uart.o
    0x0800e696   0x00000092   Code   RO         1290    i.UART_WaitOnFlagUntilTimeout  stm32f4xx_hal_uart.o
    0x0800e728   0x0000006c   Code   RO         4544    i.USART1_IRQHandler  usart.o
    0x0800e794   0x0000006c   Code   RO         5532    i.USART3_IRQHandler  usart3.o
    0x0800e800   0x00000002   Code   RO          360    i.UsageFault_Handler  stm32f4xx_it.o
    0x0800e802   0x00000002   PAD
    0x0800e804   0x00000058   Code   RO         5161    i.W25QXX_Erase_Sector  w25qxx.o
    0x0800e85c   0x0000007c   Code   RO         5162    i.W25QXX_Init       w25qxx.o
    0x0800e8d8   0x00000068   Code   RO         5164    i.W25QXX_Read       w25qxx.o
    0x0800e940   0x00000044   Code   RO         5165    i.W25QXX_ReadID     w25qxx.o
    0x0800e984   0x00000038   Code   RO         5166    i.W25QXX_ReadSR     w25qxx.o
    0x0800e9bc   0x0000000e   Code   RO         5168    i.W25QXX_Wait_Busy  w25qxx.o
    0x0800e9ca   0x00000002   PAD
    0x0800e9cc   0x0000009c   Code   RO         5169    i.W25QXX_Write      w25qxx.o
    0x0800ea68   0x00000020   Code   RO         5171    i.W25QXX_Write_Enable  w25qxx.o
    0x0800ea88   0x0000003e   Code   RO         5172    i.W25QXX_Write_NoCheck  w25qxx.o
    0x0800eac6   0x00000002   PAD
    0x0800eac8   0x0000006c   Code   RO         5173    i.W25QXX_Write_Page  w25qxx.o
    0x0800eb34   0x00000030   Code   RO         7809    i.__ARM_fpclassify  m_wm.l(fpclassify.o)
    0x0800eb64   0x0000007a   Code   RO         7651    i.__hardfp_sqrt     m_wm.l(sqrt.o)
    0x0800ebde   0x0000000e   Code   RO         7580    i._is_digit         c_w.l(__printf_wp.o)
    0x0800ebec   0x00000002   Code   RO         4545    i._sys_exit         usart.o
    0x0800ebee   0x00000076   Code   RO         6400    i.change_bitmap     ff.o
    0x0800ec64   0x00000074   Code   RO         6401    i.check_fs          ff.o
    0x0800ecd8   0x00000010   Code   RO         6402    i.chk_chr           ff.o
    0x0800ece8   0x0000002a   Code   RO         7427    i.chr2hex           lora_ui.o
    0x0800ed12   0x00000032   Code   RO         6403    i.clmt_clust        ff.o
    0x0800ed44   0x00000018   Code   RO         6404    i.clust2sect        ff.o
    0x0800ed5c   0x00000084   Code   RO         6405    i.cmp_lfn           ff.o
    0x0800ede0   0x0000010e   Code   RO         6406    i.create_chain      ff.o
    0x0800eeee   0x00000002   PAD
    0x0800eef0   0x00000218   Code   RO         6407    i.create_name       ff.o
    0x0800f108   0x0000007c   Code   RO         6408    i.create_xdir       ff.o
    0x0800f184   0x00000014   Code   RO         4477    i.delay_init        delay.o
    0x0800f198   0x0000001a   Code   RO         4478    i.delay_ms          delay.o
    0x0800f1b2   0x00000002   PAD
    0x0800f1b4   0x00000034   Code   RO         4479    i.delay_us          delay.o
    0x0800f1e8   0x00000058   Code   RO         6409    i.dir_alloc         ff.o
    0x0800f240   0x0000013c   Code   RO         6410    i.dir_find          ff.o
    0x0800f37c   0x00000104   Code   RO         6411    i.dir_next          ff.o
    0x0800f480   0x000000e6   Code   RO         6412    i.dir_read          ff.o
    0x0800f566   0x00000002   PAD
    0x0800f568   0x0000023c   Code   RO         6413    i.dir_register      ff.o
    0x0800f7a4   0x00000096   Code   RO         6415    i.dir_sdi           ff.o
    0x0800f83a   0x00000028   Code   RO         6807    i.disk_initialize   diskio.o
    0x0800f862   0x00000002   PAD
    0x0800f864   0x0000009c   Code   RO         6808    i.disk_ioctl        diskio.o
    0x0800f900   0x00000060   Code   RO         6809    i.disk_read         diskio.o
    0x0800f960   0x00000004   Code   RO         6810    i.disk_status       diskio.o
    0x0800f964   0x00000060   Code   RO         6811    i.disk_write        diskio.o
    0x0800f9c4   0x00000064   Code   RO         6879    i.exfuns_init       exfuns.o
    0x0800fa28   0x0000001e   Code   RO         6416    i.f_close           ff.o
    0x0800fa46   0x00000002   PAD
    0x0800fa48   0x0000004c   Code   RO         6424    i.f_mount           ff.o
    0x0800fa94   0x00000276   Code   RO         6425    i.f_open            ff.o
    0x0800fd0a   0x00000176   Code   RO         6430    i.f_read            ff.o
    0x0800fe80   0x00000152   Code   RO         6435    i.f_sync            ff.o
    0x0800ffd2   0x00000002   PAD
    0x0800ffd4   0x00000070   Code   RO         6962    i.ff_convert        mycc936.o
    0x08010044   0x00000008   Code   RO         6812    i.ff_memalloc       diskio.o
    0x0801004c   0x00000008   Code   RO         6813    i.ff_memfree        diskio.o
    0x08010054   0x00000024   Code   RO         6963    i.ff_wtoupper       mycc936.o
    0x08010078   0x0000002e   Code   RO         6439    i.fill_fat_chain    ff.o
    0x080100a6   0x00000092   Code   RO         6440    i.find_bitmap       ff.o
    0x08010138   0x00000350   Code   RO         6441    i.find_volume       ff.o
    0x08010488   0x000000b4   Code   RO         6442    i.follow_path       ff.o
    0x0801053c   0x00000040   Code   RO         7035    i.font_init         fontupd.o
    0x0801057c   0x00000014   Code   RO         4546    i.fputc             usart.o
    0x08010590   0x00000084   Code   RO         7036    i.fupd_prog         fontupd.o
    0x08010614   0x0000008c   Code   RO         6443    i.gen_numname       ff.o
    0x080106a0   0x00000126   Code   RO         6444    i.get_fat           ff.o
    0x080107c6   0x00000004   Code   RO         6814    i.get_fattime       diskio.o
    0x080107ca   0x0000003c   Code   RO         6446    i.get_ldnumber      ff.o
    0x08010806   0x000000b8   Code   RO         7428    i.hexbuff_num       lora_ui.o
    0x080108be   0x00000026   Code   RO         6448    i.ld_clust          ff.o
    0x080108e4   0x00000016   Code   RO         6449    i.ld_dword          ff.o
    0x080108fa   0x00000056   Code   RO         6450    i.ld_qword          ff.o
    0x08010950   0x0000000a   Code   RO         6451    i.ld_word           ff.o
    0x0801095a   0x00000038   Code   RO         6452    i.load_obj_dir      ff.o
    0x08010992   0x000000aa   Code   RO         6453    i.load_xdir         ff.o
    0x08010a3c   0x00000024   Code   RO         7430    i.lora_check_cmd    lora_ui.o
    0x08010a60   0x000000c8   Code   RO         7431    i.lora_get_keynum   lora_ui.o
    0x08010b28   0x000000d8   Code   RO         7432    i.lora_key_staset   lora_ui.o
    0x08010c00   0x00000124   Code   RO         7433    i.lora_load_keyboard  lora_ui.o
    0x08010d24   0x00000070   Code   RO         7434    i.lora_send_cmd     lora_ui.o
    0x08010d94   0x0000020c   Code   RO            4    i.main              main.o
    0x08010fa0   0x00000018   Code   RO         6454    i.mem_cmp           ff.o
    0x08010fb8   0x00000012   Code   RO         6455    i.mem_cpy           ff.o
    0x08010fca   0x0000000c   Code   RO         6456    i.mem_set           ff.o
    0x08010fd6   0x00000032   Code   RO         6457    i.move_window       ff.o
    0x08011008   0x00000058   Code   RO         6320    i.my_mem_free       malloc.o
    0x08011060   0x0000002c   Code   RO         6321    i.my_mem_init       malloc.o
    0x0801108c   0x00000088   Code   RO         6322    i.my_mem_malloc     malloc.o
    0x08011114   0x0000003c   Code   RO         6323    i.my_mem_perused    malloc.o
    0x08011150   0x00000018   Code   RO         6324    i.myfree            malloc.o
    0x08011168   0x00000020   Code   RO         6325    i.mymalloc          malloc.o
    0x08011188   0x0000000c   Code   RO         6327    i.mymemset          malloc.o
    0x08011194   0x00000014   Code   RO         7435    i.num_count         lora_ui.o
    0x080111a8   0x00000070   Code   RO         6458    i.pick_lfn          ff.o
    0x08011218   0x000000f6   Code   RO         6459    i.put_fat           ff.o
    0x0801130e   0x00000004   Code   RO         7089    i.read_addr         usmart.o
    0x08011312   0x000000e8   Code   RO         6461    i.remove_chain      ff.o
    0x080113fa   0x00000028   Code   RO         6462    i.st_clust          ff.o
    0x08011422   0x00000010   Code   RO         6463    i.st_dword          ff.o
    0x08011432   0x0000004a   Code   RO         6464    i.st_qword          ff.o
    0x0801147c   0x00000008   Code   RO         6465    i.st_word           ff.o
    0x08011484   0x0000006c   Code   RO         6466    i.store_xdir        ff.o
    0x080114f0   0x0000001a   Code   RO         6467    i.sum_sfn           ff.o
    0x0801150a   0x00000002   PAD
    0x0801150c   0x00000088   Code   RO         6468    i.sync_fs           ff.o
    0x08011594   0x00000052   Code   RO         6469    i.sync_window       ff.o
    0x080115e6   0x00000002   PAD
    0x080115e8   0x00000040   Code   RO         5533    i.u3_printf         usart3.o
    0x08011628   0x00000024   Code   RO         4547    i.uart_init         usart.o
    0x0801164c   0x000000f0   Code   RO         7037    i.updata_fontx      fontupd.o
    0x0801173c   0x000001b0   Code   RO         7038    i.update_font       fontupd.o
    0x080118ec   0x000000b8   Code   RO         5534    i.usart3_init       usart3.o
    0x080119a4   0x00000020   Code   RO         5535    i.usart3_rx         usart3.o
    0x080119c4   0x0000008c   Code   RO         5536    i.usart3_set        usart3.o
    0x08011a50   0x00000094   Code   RO         7090    i.usmart_cmd_rec    usmart.o
    0x08011ae4   0x00000260   Code   RO         7091    i.usmart_exe        usmart.o
    0x08011d44   0x000000a4   Code   RO         7212    i.usmart_get_aparm  usmart_str.o
    0x08011de8   0x0000002e   Code   RO         7213    i.usmart_get_cmdname  usmart_str.o
    0x08011e16   0x00000002   PAD
    0x08011e18   0x00000168   Code   RO         7214    i.usmart_get_fname  usmart_str.o
    0x08011f80   0x000000d0   Code   RO         7215    i.usmart_get_fparam  usmart_str.o
    0x08012050   0x00000024   Code   RO         7216    i.usmart_get_parmpos  usmart_str.o
    0x08012074   0x00000030   Code   RO         7092    i.usmart_get_runtime  usmart.o
    0x080120a4   0x00000028   Code   RO         7093    i.usmart_init       usmart.o
    0x080120cc   0x00000010   Code   RO         7217    i.usmart_pow        usmart_str.o
    0x080120dc   0x00000028   Code   RO         7094    i.usmart_reset_runtime  usmart.o
    0x08012104   0x000000a4   Code   RO         7095    i.usmart_scan       usmart.o
    0x080121a8   0x00000010   Code   RO         7218    i.usmart_search_nextc  usmart_str.o
    0x080121b8   0x000000d6   Code   RO         7219    i.usmart_str2num    usmart_str.o
    0x0801228e   0x00000018   Code   RO         7220    i.usmart_strcmp     usmart_str.o
    0x080122a6   0x00000012   Code   RO         7221    i.usmart_strcopy    usmart_str.o
    0x080122b8   0x00000012   Code   RO         7222    i.usmart_strlen     usmart_str.o
    0x080122ca   0x00000002   PAD
    0x080122cc   0x00000680   Code   RO         7096    i.usmart_sys_cmd_exe  usmart.o
    0x0801294c   0x00000032   Code   RO         6470    i.validate          ff.o
    0x0801297e   0x00000004   Code   RO         7097    i.write_addr        usmart.o
    0x08012982   0x00000034   Code   RO         6471    i.xdir_sum          ff.o
    0x080129b6   0x0000003c   Code   RO         6472    i.xname_sum         ff.o
    0x080129f2   0x00000002   PAD
    0x080129f4   0x0000002c   Code   RO         7805    locale$$code        c_w.l(lc_numeric_c.o)
    0x08012a20   0x0000002c   Code   RO         7880    locale$$code        c_w.l(lc_ctype_c.o)
    0x08012a4c   0x00000062   Code   RO         7619    x$fpl$d2f           fz_wm.l(d2f.o)
    0x08012aae   0x00000002   PAD
    0x08012ab0   0x00000150   Code   RO         7621    x$fpl$dadd          fz_wm.l(daddsub_clz.o)
    0x08012c00   0x00000018   Code   RO         7716    x$fpl$dcmpinf       fz_wm.l(dcmpi.o)
    0x08012c18   0x0000005e   Code   RO         7627    x$fpl$dfix          fz_wm.l(dfix.o)
    0x08012c76   0x00000002   PAD
    0x08012c78   0x0000005a   Code   RO         7631    x$fpl$dfixu         fz_wm.l(dfixu.o)
    0x08012cd2   0x0000002e   Code   RO         7636    x$fpl$dflt          fz_wm.l(dflt_clz.o)
    0x08012d00   0x00000026   Code   RO         7635    x$fpl$dfltu         fz_wm.l(dflt_clz.o)
    0x08012d26   0x00000002   PAD
    0x08012d28   0x00000078   Code   RO         7641    x$fpl$dleqf         fz_wm.l(dleqf.o)
    0x08012da0   0x00000154   Code   RO         7643    x$fpl$dmul          fz_wm.l(dmul.o)
    0x08012ef4   0x0000009c   Code   RO         7718    x$fpl$dnaninf       fz_wm.l(dnaninf.o)
    0x08012f90   0x0000000c   Code   RO         7720    x$fpl$dretinf       fz_wm.l(dretinf.o)
    0x08012f9c   0x0000006c   Code   RO         7645    x$fpl$drleqf        fz_wm.l(drleqf.o)
    0x08013008   0x00000016   Code   RO         7622    x$fpl$drsb          fz_wm.l(daddsub_clz.o)
    0x0801301e   0x00000002   PAD
    0x08013020   0x00000198   Code   RO         7722    x$fpl$dsqrt         fz_wm.l(dsqrt_umaal.o)
    0x080131b8   0x000001d4   Code   RO         7623    x$fpl$dsub          fz_wm.l(daddsub_clz.o)
    0x0801338c   0x00000056   Code   RO         7647    x$fpl$f2d           fz_wm.l(f2d.o)
    0x080133e2   0x0000008c   Code   RO         7724    x$fpl$fnaninf       fz_wm.l(fnaninf.o)
    0x0801346e   0x0000000a   Code   RO         7888    x$fpl$fpinit        fz_wm.l(fpinit.o)
    0x08013478   0x0000000a   Code   RO         7726    x$fpl$fretinf       fz_wm.l(fretinf.o)
    0x08013482   0x00000004   Code   RO         7649    x$fpl$printf1       fz_wm.l(printf1.o)
    0x08013486   0x00000004   Code   RO         7728    x$fpl$printf2       fz_wm.l(printf2.o)
    0x0801348a   0x00000000   Code   RO         7734    x$fpl$usenofp       fz_wm.l(usenofp.o)
    0x0801348a   0x00000010   Data   RO         1126    .constdata          stm32f4xx_hal_rcc.o
    0x0801349a   0x00004740   Data   RO         4696    .constdata          lcd.o
    0x08017bda   0x0000000a   Data   RO         5722    .constdata          ft5206.o
    0x08017be4   0x000000c2   Data   RO         5769    .constdata          gt9147.o
    0x08017ca6   0x0000000a   Data   RO         5821    .constdata          ott2001a.o
    0x08017cb0   0x00000004   Data   RO         5881    .constdata          touch.o
    0x08017cb4   0x000000ce   Data   RO         6116    .constdata          gt9271.o
    0x08017d82   0x00000002   PAD
    0x08017d84   0x00000024   Data   RO         6335    .constdata          malloc.o
    0x08017da8   0x0000004a   Data   RO         6474    .constdata          ff.o
    0x08017df2   0x000003c0   Data   RO         6964    .constdata          mycc936.o
    0x080181b2   0x00000002   PAD
    0x080181b4   0x00000028   Data   RO         7040    .constdata          fontupd.o
    0x080181dc   0x00000028   Data   RO         7568    .constdata          c_w.l(_printf_hex_int_ll_ptr.o)
    0x08018204   0x00000011   Data   RO         7588    .constdata          c_w.l(__printf_flags_ss_wp.o)
    0x08018215   0x00000003   PAD
    0x08018218   0x00000008   Data   RO         7689    .constdata          c_w.l(_printf_wctomb.o)
    0x08018220   0x00000026   Data   RO         7765    .constdata          c_w.l(_printf_fp_hex.o)
    0x08018246   0x00000002   PAD
    0x08018248   0x00000094   Data   RO         7774    .constdata          c_w.l(bigflt0.o)
    0x080182dc   0x00000079   Data   RO         5882    .conststring        touch.o
    0x08018355   0x00000003   PAD
    0x08018358   0x000000db   Data   RO         7041    .conststring        fontupd.o
    0x08018433   0x00000001   PAD
    0x08018434   0x00000028   Data   RO         7099    .conststring        usmart.o
    0x0801845c   0x00000084   Data   RO         7185    .conststring        usmart_config.o
    0x080184e0   0x000000e9   Data   RO         7436    .conststring        lora_ui.o
    0x080185c9   0x00000003   PAD
    0x080185cc   0x00000020   Data   RO         7953    Region$$Table       anon$$obj.o
    0x080185ec   0x0000001c   Data   RO         7804    locale$$data        c_w.l(lc_numeric_c.o)
    0x08018608   0x00000110   Data   RO         7879    locale$$data        c_w.l(lc_ctype_c.o)


    Execution Region RW_IRAM1 (Base: 0x20000000, Size: 0x0002ce88, Max: 0x00030000, ABSOLUTE, COMPRESSED[0x0000012c])

    Base Addr    Size         Type   Attr      Idx    E Section Name        Object

    0x20000000   0x00000014   Data   RW          432    .data               system_stm32f4xx.o
    0x20000014   0x00000004   Data   RW          596    .data               stm32f4xx_hal.o
    0x20000018   0x00000004   Data   RW         4480    .data               delay.o
    0x2000001c   0x00000002   Data   RW         4549    .data               usart.o
    0x2000001e   0x00000002   PAD
    0x20000020   0x00000004   Data   RW         4550    .data               usart.o
    0x20000024   0x00000001   Data   RW         4634    .data               key.o
    0x20000025   0x00000003   PAD
    0x20000028   0x00000008   Data   RW         4697    .data               lcd.o
    0x20000030   0x00000008   Data   RW         4960    .data               ltdc.o
    0x20000038   0x00000002   Data   RW         5176    .data               w25qxx.o
    0x2000003a   0x00000002   PAD
    0x2000003c   0x00000004   Data   RW         5291    .data               ftl.o
    0x20000040   0x00000008   Data   RW         5538    .data               usart3.o
    0x20000048   0x00000001   Data   RW         5723    .data               ft5206.o
    0x20000049   0x00000001   Data   RW         5770    .data               gt9147.o
    0x2000004a   0x00000001   Data   RW         5822    .data               ott2001a.o
    0x2000004b   0x00000001   PAD
    0x2000004c   0x0000004c   Data   RW         5883    .data               touch.o
    0x20000098   0x00000001   Data   RW         6117    .data               gt9271.o
    0x20000099   0x00000003   PAD
    0x2000009c   0x00000024   Data   RW         6336    .data               malloc.o
    0x200000c0   0x00000002   Data   RW         6475    .data               ff.o
    0x200000c2   0x00000002   PAD
    0x200000c4   0x0000000c   Data   RW         6886    .data               exfuns.o
    0x200000d0   0x0000001c   Data   RW         7100    .data               usmart.o
    0x200000ec   0x00000018   Data   RW         7186    .data               usmart_config.o
    0x20000104   0x000000f4   Data   RW         7187    .data               usmart_config.o
    0x200001f8   0x0000005c   Data   RW         7309    .data               lora_app.o
    0x20000254   0x0000008c   Data   RW         7437    .data               lora_ui.o
    0x200002e0   0x00000108   Zero   RW         4548    .bss                usart.o
    0x200003e8   0x0000005e   Zero   RW         4695    .bss                lcd.o
    0x20000446   0x00000002   PAD
    0x20000448   0x00000034   Zero   RW         4888    .bss                sdram.o
    0x2000047c   0x000000c8   Zero   RW         4958    .bss                ltdc.o
    0x20000544   0x00000004   PAD
    0x20000548   0x000002b8   Zero   RW         5061    .bss                sdio_sdcard.o
    0x20000800   0x00000058   Zero   RW         5116    .bss                spi.o
    0x20000858   0x00001000   Zero   RW         5175    .bss                w25qxx.o
    0x20001858   0x00000094   Zero   RW         5407    .bss                nand.o
    0x200018ec   0x00000004   PAD
    0x200018f0   0x000005d0   Zero   RW         5537    .bss                usart3.o
    0x20001ec0   0x0000003c   Zero   RW         5598    .bss                timer.o
    0x20001efc   0x00000044   Zero   RW         6279    .bss                adc.o
    0x20001f40   0x00028000   Zero   RW         6333    .bss                malloc.o
    0x20029f40   0x00002800   Zero   RW         6334    .bss                malloc.o
    0x2002c740   0x0000000c   Zero   RW         6473    .bss                ff.o
    0x2002c74c   0x0000000c   Zero   RW         6881    .bss                exfuns.o
    0x2002c758   0x00000029   Zero   RW         7039    .bss                fontupd.o
    0x2002c781   0x00000003   PAD
    0x2002c784   0x0000003c   Zero   RW         7098    .bss                usmart.o
    0x2002c7c0   0x00000064   Zero   RW         7308    .bss                lora_app.o
    0x2002c824   0x00000060   Zero   RW         7812    .bss                c_w.l(libspace.o)
    0x2002c884   0x00000004   PAD
    0x2002c888   0x00000200   Zero   RW          564    HEAP                startup_stm32f429xx.o
    0x2002ca88   0x00000400   Zero   RW          563    STACK               startup_stm32f429xx.o



  Load Region LR$$.ARM.__AT_0x10000000 (Base: 0x10000000, Size: 0x00000000, Max: 0x0000f000, ABSOLUTE)

    Execution Region ER$$.ARM.__AT_0x10000000 (Base: 0x10000000, Size: 0x0000f000, Max: 0x0000f000, ABSOLUTE, UNINIT)

    Base Addr    Size         Type   Attr      Idx    E Section Name        Object

    0x10000000   0x0000f000   Zero   RW         6329    .ARM.__AT_0x10000000  malloc.o



  Load Region LR$$.ARM.__AT_0x1000F000 (Base: 0x1000f000, Size: 0x00000000, Max: 0x00000f00, ABSOLUTE)

    Execution Region ER$$.ARM.__AT_0x1000F000 (Base: 0x1000f000, Size: 0x00000f00, Max: 0x00000f00, ABSOLUTE, UNINIT)

    Base Addr    Size         Type   Attr      Idx    E Section Name        Object

    0x1000f000   0x00000f00   Zero   RW         6330    .ARM.__AT_0x1000F000  malloc.o



  Load Region LR$$.ARM.__AT_0xC0000000 (Base: 0xc0000000, Size: 0x00000000, Max: 0x001f4000, ABSOLUTE)

    Execution Region ER$$.ARM.__AT_0xC0000000 (Base: 0xc0000000, Size: 0x001f4000, Max: 0x001f4000, ABSOLUTE, UNINIT)

    Base Addr    Size         Type   Attr      Idx    E Section Name        Object

    0xc0000000   0x001f4000   Zero   RW         4957    .ARM.__AT_0xC0000000  ltdc.o



  Load Region LR$$.ARM.__AT_0xC01F4000 (Base: 0xc01f4000, Size: 0x00000000, Max: 0x01c3c000, ABSOLUTE)

    Execution Region ER$$.ARM.__AT_0xC01F4000 (Base: 0xc01f4000, Size: 0x01c3c000, Max: 0x01c3c000, ABSOLUTE, UNINIT)

    Base Addr    Size         Type   Attr      Idx    E Section Name        Object

    0xc01f4000   0x01c3c000   Zero   RW         6331    .ARM.__AT_0xC01F4000  malloc.o



  Load Region LR$$.ARM.__AT_0xC1E30000 (Base: 0xc1e30000, Size: 0x00000000, Max: 0x001c3c00, ABSOLUTE)

    Execution Region ER$$.ARM.__AT_0xC1E30000 (Base: 0xc1e30000, Size: 0x001c3c00, Max: 0x001c3c00, ABSOLUTE, UNINIT)

    Base Addr    Size         Type   Attr      Idx    E Section Name        Object

    0xc1e30000   0x001c3c00   Zero   RW         6332    .ARM.__AT_0xC1E30000  malloc.o


==============================================================================

Image component sizes


      Code (inc. data)   RO Data    RW Data    ZI Data      Debug   Object Name

       216          0          0          0          0       3185   24cxx.o
       246         26          0          0         68       2951   adc.o
       712        118          0          0          0       5441   ctiic.o
        98          8          0          4          0       1931   delay.o
       412         10          0          0          0       5611   diskio.o
       504         46          0          0          0       4727   ds18b20.o
       100          8          0         12         12       1783   exfuns.o
      7892         88         74          2         12      54041   ff.o
       868         62        259          0         41       5676   fontupd.o
       714         48         10          1          0       4013   ft5206.o
      1904        296          0          4          0      11515   ftl.o
      1030         82        194          1          0       4922   gt9147.o
      1014         96        206          1          0       4922   gt9271.o
       344         34          0          1          0       1758   key.o
     11772        200      18240          8         94      25102   lcd.o
       240         24          0          0          0        923   led.o
      5016        876          0         92        100      14905   lora_app.o
      3934        632        233        140          0      11155   lora_ui.o
      1386        118          0          8    2048200       9300   ltdc.o
       524        130          0          0          0     476971   main.o
       396         42         36         36   31695616       6513   malloc.o
       148         14        960          0          0       1943   mycc936.o
       616         76          0          0          0       4954   myiic.o
      2676        288          0          0        148      17843   nand.o
       752         64         10          1          0       4567   ott2001a.o
       190          8          0          0          0       2844   pcf8574.o
       440         32          0          0        696       4067   sdio_sdcard.o
       448         46          0          0         52       3390   sdram.o
       248         28          0          0         88       2834   spi.o
        64         26        428          0       1536        828   startup_stm32f429xx.o
       144         16          0          4          0       4700   stm32f4xx_hal.o
       956         36          0          0          0       4982   stm32f4xx_hal_adc.o
       240         14          0          0          0      31543   stm32f4xx_hal_cortex.o
       520         60          0          0          0       3922   stm32f4xx_hal_gpio.o
       856          4          0          0          0       4725   stm32f4xx_hal_ltdc.o
        98          0          0          0          0       1240   stm32f4xx_hal_nand.o
       136         14          0          0          0       1296   stm32f4xx_hal_pwr_ex.o
      1572         72         16          0          0       6331   stm32f4xx_hal_rcc.o
       680         36          0          0          0       1668   stm32f4xx_hal_rcc_ex.o
      3732         20          0          0          0      20892   stm32f4xx_hal_sd.o
       146          0          0          0          0       2712   stm32f4xx_hal_sdram.o
       972          0          0          0          0       3757   stm32f4xx_hal_spi.o
        86          0          0          0          0       1212   stm32f4xx_hal_sram.o
       706         44          0          0          0       7860   stm32f4xx_hal_tim.o
         4          0          0          0          0       1654   stm32f4xx_hal_tim_ex.o
      1532          8          0          0          0       9818   stm32f4xx_hal_uart.o
        20          0          0          0          0       3962   stm32f4xx_it.o
       736         26          0          0          0       8197   stm32f4xx_ll_fmc.o
       158          4          0          0          0       6061   stm32f4xx_ll_sdmmc.o
       148         10          0          0          0       1623   sys.o
        84         18          0         20          0       1025   system_stm32f4xx.o
       582         20          0          0          0       4322   text.o
       164         36          0          0         60       2293   timer.o
      3216        252        125         76          0      11397   touch.o
       314         36          0          6        264       4851   usart.o
       528         78          0          8       1488       4697   usart3.o
      2836       1360         40         28         60       8422   usmart.o
         0          0        132        268          0       1539   usmart_config.o
      1120         20          0          0          0       9507   usmart_str.o
       812         66          0          2       4096       7585   w25qxx.o

    ----------------------------------------------------------------------
     68084       5776      21006        736   33752644     884408   Object Totals
         0          0         32          0          0          0   (incl. Generated)
        82          0         11         13         13          0   (incl. Padding)

    ----------------------------------------------------------------------

      Code (inc. data)   RO Data    RW Data    ZI Data      Debug   Library Member Name

        24          4          0          0          0         84   __2printf.o
        44          6          0          0          0         84   __2sprintf.o
        90          0          0          0          0          0   __dczerorl2.o
         8          0          0          0          0         68   __main.o
       392          4         17          0          0         92   __printf_flags_ss_wp.o
        14          0          0          0          0         68   __printf_wp.o
         0          0          0          0          0          0   __rtentry.o
        12          0          0          0          0          0   __rtentry2.o
         6          0          0          0          0          0   __rtentry4.o
        52          8          0          0          0          0   __scatter.o
        28          0          0          0          0          0   __scatter_zi.o
         6          0          0          0          0          0   _printf_a.o
         6          0          0          0          0          0   _printf_c.o
        44          0          0          0          0        108   _printf_char.o
        48          6          0          0          0         96   _printf_char_common.o
        36          4          0          0          0         80   _printf_char_file.o
        40          0          0          0          0         68   _printf_charcount.o
         6          0          0          0          0          0   _printf_d.o
       120         16          0          0          0         92   _printf_dec.o
         6          0          0          0          0          0   _printf_e.o
         6          0          0          0          0          0   _printf_f.o
      1050          0          0          0          0        216   _printf_fp_dec.o
       764          8         38          0          0        100   _printf_fp_hex.o
       128         16          0          0          0         84   _printf_fp_infnan.o
         6          0          0          0          0          0   _printf_g.o
       148          4         40          0          0        160   _printf_hex_int_ll_ptr.o
         6          0          0          0          0          0   _printf_i.o
       178          0          0          0          0         88   _printf_intcommon.o
        10          0          0          0          0          0   _printf_l.o
         6          0          0          0          0          0   _printf_lc.o
        10          0          0          0          0          0   _printf_ll.o
         6          0          0          0          0          0   _printf_lld.o
         6          0          0          0          0          0   _printf_lli.o
         6          0          0          0          0          0   _printf_llo.o
         6          0          0          0          0          0   _printf_llu.o
         6          0          0          0          0          0   _printf_llx.o
       124         16          0          0          0         92   _printf_longlong_dec.o
         6          0          0          0          0          0   _printf_ls.o
         6          0          0          0          0          0   _printf_n.o
         6          0          0          0          0          0   _printf_o.o
       112          8          0          0          0        124   _printf_oct_int_ll.o
         6          0          0          0          0          0   _printf_p.o
        78          0          0          0          0        108   _printf_pad.o
         0          0          0          0          0          0   _printf_percent.o
         4          0          0          0          0          0   _printf_percent_end.o
         6          0          0          0          0          0   _printf_s.o
        82          0          0          0          0         80   _printf_str.o
        36          0          0          0          0         84   _printf_truncate.o
         6          0          0          0          0          0   _printf_u.o
        44          0          0          0          0        108   _printf_wchar.o
       188          6          8          0          0         92   _printf_wctomb.o
         6          0          0          0          0          0   _printf_x.o
        22          0          0          0          0        100   _rserrno.o
        10          0          0          0          0         68   _sputc.o
        64          0          0          0          0         92   _wcrtomb.o
       220          4        148          0          0         96   bigflt0.o
      1910        128          0          0          0        672   btod.o
        18          0          0          0          0         80   exit.o
         8          0          0          0          0         68   ferror.o
         6          0          0          0          0        152   heapauxi.o
        44         10        272          0          0         76   lc_ctype_c.o
        44         10         28          0          0         76   lc_numeric_c.o
         2          0          0          0          0          0   libinit.o
        34          0          0          0          0          0   libinit2.o
         2          0          0          0          0          0   libshutdown.o
         2          0          0          0          0          0   libshutdown2.o
         8          4          0          0         96         68   libspace.o
       138          0          0          0          0         80   lludiv10.o
       238          0          0          0          0        100   lludivv7m.o
        16          4          0          0          0         76   rt_ctype_table.o
         8          4          0          0          0         68   rt_errno_addr_intlibspace.o
         8          4          0          0          0         68   rt_locale_intlibspace.o
        68          0          0          0          0         68   rt_memclr.o
        78          0          0          0          0         80   rt_memclr_w.o
       138          0          0          0          0         68   rt_memcpy_v6.o
       100          0          0          0          0         80   rt_memcpy_w.o
         2          0          0          0          0          0   rtexit.o
        10          0          0          0          0          0   rtexit2.o
        24          0          0          0          0         68   strcat.o
       128          0          0          0          0         68   strcmpv7m.o
        72          0          0          0          0         80   strcpy.o
        62          0          0          0          0         76   strlen.o
        36          0          0          0          0         80   strstr.o
        74          0          0          0          0         80   sys_stackheap_outer.o
         2          0          0          0          0         68   use_no_semi.o
         2          0          0          0          0         68   use_no_semi_2.o
        36          4          0          0          0         76   vsprintf.o
        98          4          0          0          0        140   d2f.o
       826         16          0          0          0        492   daddsub_clz.o
        24          0          0          0          0        116   dcmpi.o
        94          4          0          0          0        140   dfix.o
        90          4          0          0          0        140   dfixu.o
        84          0          0          0          0        232   dflt_clz.o
       120          4          0          0          0        140   dleqf.o
       340         12          0          0          0        152   dmul.o
       156          4          0          0          0        140   dnaninf.o
        12          0          0          0          0        116   dretinf.o
       108          0          0          0          0        128   drleqf.o
       408         56          0          0          0        168   dsqrt_umaal.o
        86          4          0          0          0        132   f2d.o
       140          4          0          0          0        132   fnaninf.o
        10          0          0          0          0        116   fpinit.o
        10          0          0          0          0        116   fretinf.o
         4          0          0          0          0        116   printf1.o
         4          0          0          0          0        116   printf2.o
         0          0          0          0          0          0   usenofp.o
        48          0          0          0          0        124   fpclassify.o
       122          0          0          0          0        148   sqrt.o

    ----------------------------------------------------------------------
     10474        390        556          0        100       8180   Library Totals
        22          0          5          0          4          0   (incl. Padding)

    ----------------------------------------------------------------------

      Code (inc. data)   RO Data    RW Data    ZI Data      Debug   Library Name

      7668        278        551          0         96       5076   c_w.l
      2614        112          0          0          0       2832   fz_wm.l
       170          0          0          0          0        272   m_wm.l

    ----------------------------------------------------------------------
     10474        390        556          0        100       8180   Library Totals

    ----------------------------------------------------------------------

==============================================================================


      Code (inc. data)   RO Data    RW Data    ZI Data      Debug   

     78558       6166      21562        736   33752744     846728   Grand Totals
     78558       6166      21562        300   33752744     846728   ELF Image Totals (compressed)
     78558       6166      21562        300          0          0   ROM Totals

==============================================================================

    Total RO  Size (Code + RO Data)               100120 (  97.77kB)
    Total RW  Size (RW Data + ZI Data)          33753480 (32962.38kB)
    Total ROM Size (Code + RO Data + RW Data)     100420 (  98.07kB)

==============================================================================

